Archive member included to satisfy reference by file (symbol)

d:/documents/embedded systems/tooling/toolchains/avr/bin/../lib/gcc/avr/7.3.0/avr5\libgcc.a(_udivmodsi4.o)
                              MTIMER_program.o (__udivmodsi4)
d:/documents/embedded systems/tooling/toolchains/avr/bin/../lib/gcc/avr/7.3.0/avr5\libgcc.a(_exit.o)
                              d:/documents/embedded systems/tooling/toolchains/avr/bin/../lib/gcc/avr/7.3.0/../../../../avr/lib/avr5/crtatmega32.o (exit)
d:/documents/embedded systems/tooling/toolchains/avr/bin/../lib/gcc/avr/7.3.0/avr5\libgcc.a(_copy_data.o)
                              main.o (__do_copy_data)
d:/documents/embedded systems/tooling/toolchains/avr/bin/../lib/gcc/avr/7.3.0/avr5\libgcc.a(_clear_bss.o)
                              MEXTI_program.o (__do_clear_bss)
d:/documents/embedded systems/tooling/toolchains/avr/bin/../lib/gcc/avr/7.3.0/avr5\libgcc.a(_umulhisi3.o)
                              MTIMER_program.o (__umulhisi3)

Memory Configuration

Name             Origin             Length             Attributes
text             0x00000000         0x00020000         xr
data             0x00800060         0x0000ffa0         rw !x
eeprom           0x00810000         0x00010000         rw !x
fuse             0x00820000         0x00000002         rw !x
lock             0x00830000         0x00000400         rw !x
signature        0x00840000         0x00000400         rw !x
user_signatures  0x00850000         0x00000400         rw !x
*default*        0x00000000         0xffffffff

Linker script and memory map

LOAD d:/documents/embedded systems/tooling/toolchains/avr/bin/../lib/gcc/avr/7.3.0/../../../../avr/lib/avr5/crtatmega32.o
LOAD main.o
LOAD MDIO_program.o
LOAD MEXTI_program.o
LOAD MADC_program.o
LOAD MTIMER_program.o
LOAD MUART_program.o
LOAD MSPI_program.o
LOAD MTWI_program.o
LOAD HLED_program.o
LOAD HPBUTT_program.o
LOAD HSEV_SEG_program.o
LOAD HLCD_program.o
LOAD HKPD_program.o
LOAD HEEP_program.o
LOAD STTS_program.o
START GROUP
LOAD d:/documents/embedded systems/tooling/toolchains/avr/bin/../lib/gcc/avr/7.3.0/avr5\libgcc.a
LOAD d:/documents/embedded systems/tooling/toolchains/avr/bin/../lib/gcc/avr/7.3.0/../../../../avr/lib/avr5\libm.a
LOAD d:/documents/embedded systems/tooling/toolchains/avr/bin/../lib/gcc/avr/7.3.0/../../../../avr/lib/avr5\libc.a
LOAD d:/documents/embedded systems/tooling/toolchains/avr/bin/../lib/gcc/avr/7.3.0/../../../../avr/lib/avr5\libatmega32.a
END GROUP
                0x00020000                __TEXT_REGION_LENGTH__ = DEFINED (__TEXT_REGION_LENGTH__)?__TEXT_REGION_LENGTH__:0x20000
                0x0000ffa0                __DATA_REGION_LENGTH__ = DEFINED (__DATA_REGION_LENGTH__)?__DATA_REGION_LENGTH__:0xffa0
                0x00010000                __EEPROM_REGION_LENGTH__ = DEFINED (__EEPROM_REGION_LENGTH__)?__EEPROM_REGION_LENGTH__:0x10000
                [0x00000002]                __FUSE_REGION_LENGTH__ = DEFINED (__FUSE_REGION_LENGTH__)?__FUSE_REGION_LENGTH__:0x400
                0x00000400                __LOCK_REGION_LENGTH__ = DEFINED (__LOCK_REGION_LENGTH__)?__LOCK_REGION_LENGTH__:0x400
                0x00000400                __SIGNATURE_REGION_LENGTH__ = DEFINED (__SIGNATURE_REGION_LENGTH__)?__SIGNATURE_REGION_LENGTH__:0x400
                0x00000400                __USER_SIGNATURE_REGION_LENGTH__ = DEFINED (__USER_SIGNATURE_REGION_LENGTH__)?__USER_SIGNATURE_REGION_LENGTH__:0x400
                0x00800060                __DATA_REGION_ORIGIN__ = DEFINED (__DATA_REGION_ORIGIN__)?__DATA_REGION_ORIGIN__:0x800060

.hash
 *(.hash)

.dynsym
 *(.dynsym)

.dynstr
 *(.dynstr)

.gnu.version
 *(.gnu.version)

.gnu.version_d
 *(.gnu.version_d)

.gnu.version_r
 *(.gnu.version_r)

.rel.init
 *(.rel.init)

.rela.init
 *(.rela.init)

.rel.text
 *(.rel.text)
 *(.rel.text.*)
 *(.rel.gnu.linkonce.t*)

.rela.text
 *(.rela.text)
 *(.rela.text.*)
 *(.rela.gnu.linkonce.t*)

.rel.fini
 *(.rel.fini)

.rela.fini
 *(.rela.fini)

.rel.rodata
 *(.rel.rodata)
 *(.rel.rodata.*)
 *(.rel.gnu.linkonce.r*)

.rela.rodata
 *(.rela.rodata)
 *(.rela.rodata.*)
 *(.rela.gnu.linkonce.r*)

.rel.data
 *(.rel.data)
 *(.rel.data.*)
 *(.rel.gnu.linkonce.d*)

.rela.data
 *(.rela.data)
 *(.rela.data.*)
 *(.rela.gnu.linkonce.d*)

.rel.ctors
 *(.rel.ctors)

.rela.ctors
 *(.rela.ctors)

.rel.dtors
 *(.rel.dtors)

.rela.dtors
 *(.rela.dtors)

.rel.got
 *(.rel.got)

.rela.got
 *(.rela.got)

.rel.bss
 *(.rel.bss)

.rela.bss
 *(.rela.bss)

.rel.plt
 *(.rel.plt)

.rela.plt
 *(.rela.plt)

.text           0x00000000      0xef0
 *(.vectors)
 .vectors       0x00000000       0x54 d:/documents/embedded systems/tooling/toolchains/avr/bin/../lib/gcc/avr/7.3.0/../../../../avr/lib/avr5/crtatmega32.o
                0x00000000                __vector_default
                0x00000000                __vectors
 *(.vectors)
 *(.progmem.gcc*)
                0x00000054                . = ALIGN (0x2)
                0x00000054                __trampolines_start = .
 *(.trampolines)
 .trampolines   0x00000054        0x0 linker stubs
 *(.trampolines*)
                0x00000054                __trampolines_end = .
 *libprintf_flt.a:*(.progmem.data)
 *libc.a:*(.progmem.data)
 *(.progmem*)
                0x00000054                . = ALIGN (0x2)
 *(.jumptables)
 *(.jumptables*)
 *(.lowtext)
 *(.lowtext*)
                0x00000054                __ctors_start = .
 *(.ctors)
                0x00000054                __ctors_end = .
                0x00000054                __dtors_start = .
 *(.dtors)
                0x00000054                __dtors_end = .
 SORT(*)(.ctors)
 SORT(*)(.dtors)
 *(.init0)
 .init0         0x00000054        0x0 d:/documents/embedded systems/tooling/toolchains/avr/bin/../lib/gcc/avr/7.3.0/../../../../avr/lib/avr5/crtatmega32.o
                0x00000054                __init
 *(.init0)
 *(.init1)
 *(.init1)
 *(.init2)
 .init2         0x00000054        0xc d:/documents/embedded systems/tooling/toolchains/avr/bin/../lib/gcc/avr/7.3.0/../../../../avr/lib/avr5/crtatmega32.o
 *(.init2)
 *(.init3)
 *(.init3)
 *(.init4)
 .init4         0x00000060       0x16 d:/documents/embedded systems/tooling/toolchains/avr/bin/../lib/gcc/avr/7.3.0/avr5\libgcc.a(_copy_data.o)
                0x00000060                __do_copy_data
 .init4         0x00000076       0x10 d:/documents/embedded systems/tooling/toolchains/avr/bin/../lib/gcc/avr/7.3.0/avr5\libgcc.a(_clear_bss.o)
                0x00000076                __do_clear_bss
 *(.init4)
 *(.init5)
 *(.init5)
 *(.init6)
 *(.init6)
 *(.init7)
 *(.init7)
 *(.init8)
 *(.init8)
 *(.init9)
 .init9         0x00000086        0x8 d:/documents/embedded systems/tooling/toolchains/avr/bin/../lib/gcc/avr/7.3.0/../../../../avr/lib/avr5/crtatmega32.o
 *(.init9)
 *(.text)
 .text          0x0000008e        0x4 d:/documents/embedded systems/tooling/toolchains/avr/bin/../lib/gcc/avr/7.3.0/../../../../avr/lib/avr5/crtatmega32.o
                0x0000008e                __vector_12
                0x0000008e                __bad_interrupt
                0x0000008e                __vector_6
                0x0000008e                __vector_11
                0x0000008e                __vector_13
                0x0000008e                __vector_17
                0x0000008e                __vector_19
                0x0000008e                __vector_5
                0x0000008e                __vector_4
                0x0000008e                __vector_9
                0x0000008e                __vector_15
                0x0000008e                __vector_8
                0x0000008e                __vector_14
                0x0000008e                __vector_16
                0x0000008e                __vector_18
                0x0000008e                __vector_20
 .text          0x00000092        0x6 main.o
                0x00000092                task1
 .text          0x00000098       0xe6 MDIO_program.o
                0x00000098                mdio_setPinStatus
                0x00000100                mdio_setPinValue
                0x0000013e                mdio_togglePinValue
                0x00000158                mdio_getPinValue
 .text          0x0000017e      0x194 MEXTI_program.o
                0x0000017e                mexti_enableExternalInterrupt
                0x0000019e                mexti_disableExternalInterrupt
                0x000001be                mexti_attachISR
                0x0000021c                __vector_1
                0x0000026e                __vector_2
                0x000002c0                __vector_3
 .text          0x00000312       0x44 MADC_program.o
                0x00000312                madc_init
                0x0000032c                madc_singleConversion
 .text          0x00000356      0x2a0 MTIMER_program.o
                0x00000378                mtimer_init
                0x000003a2                mtimer_delayMs_synchronous
                0x000003ee                mtimer_delayMs_asynchronous
                0x0000042e                mtimer_runPWM_signal
                0x00000436                mtimer_startPWM_signal
                0x00000448                mtimer_stopPWM_signal
                0x00000466                mtimer_getSignal_duty_and_freq
                0x00000546                __vector_10
 .text          0x000005f6       0x44 MUART_program.o
                0x000005f6                muart_init
                0x00000606                muart_sendByte
                0x00000614                muart_recvByte
                0x00000620                muart_sendStream
 .text          0x0000063a       0x56 MSPI_program.o
                0x0000063a                mspi_init
                0x00000664                mspi_masterSendRecv_byte
                0x00000672                mspi_slaveSendRecv_byte
 .text          0x00000690       0x6c MTWI_program.o
                0x00000690                mtwi_init
                0x00000698                mtwi_start
                0x000006be                mtwi_stop
                0x000006ca                mtwi_masterSend
                0x000006d8                mtwi_masterRecv_ACK
                0x000006ea                mtwi_masterRecv_NACK
 .text          0x000006fc       0x8a HLED_program.o
                0x000006fc                hled_init
                0x00000720                hled_ledValueON
                0x00000744                hled_ledValueOFF
                0x00000768                hled_toggleLedValue
 .text          0x00000786       0x44 HPBUTT_program.o
                0x00000786                hpbutt_init
                0x000007aa                hpbutt_getStatus
 .text          0x000007ca       0xc4 HSEV_SEG_program.o
                0x000007ca                hsev_seg_init
                0x00000814                hsev_seg_enable
                0x0000082e                hsev_seg_disable
                0x00000848                hsev_seg_displayNumber
 .text          0x0000088e      0x27a HLCD_program.o
                0x00000a22                hlcd_init
                0x00000ae4                hlcd_displayCharacter
                0x00000ae8                hlcd_displayString
                0x00000b00                hlcd_displayPosition
 .text          0x00000b08      0x108 HKPD_program.o
                0x00000b08                hkpd_init
                0x00000b26                hkpd_getPressedButton
 .text          0x00000c10      0x15a HEEP_program.o
                0x00000c10                heeprom_init
                0x00000c14                heeprom_writeByte
                0x00000c50                heeprom_writeDataStream
                0x00000ca6                heeprom_readByte
                0x00000cf6                heeprom_readDataStream
 .text          0x00000d6a       0xf2 STTS_program.o
                0x00000d6a                stts_init
                0x00000d7c                stts_run
                0x00000d9e                stts_addTask
                0x00000dba                __vector_7
 .text          0x00000e5c        0x0 d:/documents/embedded systems/tooling/toolchains/avr/bin/../lib/gcc/avr/7.3.0/avr5\libgcc.a(_udivmodsi4.o)
 .text          0x00000e5c        0x0 d:/documents/embedded systems/tooling/toolchains/avr/bin/../lib/gcc/avr/7.3.0/avr5\libgcc.a(_exit.o)
 .text          0x00000e5c        0x0 d:/documents/embedded systems/tooling/toolchains/avr/bin/../lib/gcc/avr/7.3.0/avr5\libgcc.a(_copy_data.o)
 .text          0x00000e5c        0x0 d:/documents/embedded systems/tooling/toolchains/avr/bin/../lib/gcc/avr/7.3.0/avr5\libgcc.a(_clear_bss.o)
 .text          0x00000e5c        0x0 d:/documents/embedded systems/tooling/toolchains/avr/bin/../lib/gcc/avr/7.3.0/avr5\libgcc.a(_umulhisi3.o)
                0x00000e5c                . = ALIGN (0x2)
 *(.text.*)
 .text.startup  0x00000e5c       0x2e main.o
                0x00000e5c                main
 .text.libgcc.mul
                0x00000e8a        0x0 d:/documents/embedded systems/tooling/toolchains/avr/bin/../lib/gcc/avr/7.3.0/avr5\libgcc.a(_udivmodsi4.o)
 .text.libgcc.div
                0x00000e8a       0x44 d:/documents/embedded systems/tooling/toolchains/avr/bin/../lib/gcc/avr/7.3.0/avr5\libgcc.a(_udivmodsi4.o)
                0x00000e8a                __udivmodsi4
 .text.libgcc   0x00000ece        0x0 d:/documents/embedded systems/tooling/toolchains/avr/bin/../lib/gcc/avr/7.3.0/avr5\libgcc.a(_udivmodsi4.o)
 .text.libgcc.prologue
                0x00000ece        0x0 d:/documents/embedded systems/tooling/toolchains/avr/bin/../lib/gcc/avr/7.3.0/avr5\libgcc.a(_udivmodsi4.o)
 .text.libgcc.builtins
                0x00000ece        0x0 d:/documents/embedded systems/tooling/toolchains/avr/bin/../lib/gcc/avr/7.3.0/avr5\libgcc.a(_udivmodsi4.o)
 .text.libgcc.fmul
                0x00000ece        0x0 d:/documents/embedded systems/tooling/toolchains/avr/bin/../lib/gcc/avr/7.3.0/avr5\libgcc.a(_udivmodsi4.o)
 .text.libgcc.fixed
                0x00000ece        0x0 d:/documents/embedded systems/tooling/toolchains/avr/bin/../lib/gcc/avr/7.3.0/avr5\libgcc.a(_udivmodsi4.o)
 .text.libgcc.mul
                0x00000ece        0x0 d:/documents/embedded systems/tooling/toolchains/avr/bin/../lib/gcc/avr/7.3.0/avr5\libgcc.a(_exit.o)
 .text.libgcc.div
                0x00000ece        0x0 d:/documents/embedded systems/tooling/toolchains/avr/bin/../lib/gcc/avr/7.3.0/avr5\libgcc.a(_exit.o)
 .text.libgcc   0x00000ece        0x0 d:/documents/embedded systems/tooling/toolchains/avr/bin/../lib/gcc/avr/7.3.0/avr5\libgcc.a(_exit.o)
 .text.libgcc.prologue
                0x00000ece        0x0 d:/documents/embedded systems/tooling/toolchains/avr/bin/../lib/gcc/avr/7.3.0/avr5\libgcc.a(_exit.o)
 .text.libgcc.builtins
                0x00000ece        0x0 d:/documents/embedded systems/tooling/toolchains/avr/bin/../lib/gcc/avr/7.3.0/avr5\libgcc.a(_exit.o)
 .text.libgcc.fmul
                0x00000ece        0x0 d:/documents/embedded systems/tooling/toolchains/avr/bin/../lib/gcc/avr/7.3.0/avr5\libgcc.a(_exit.o)
 .text.libgcc.fixed
                0x00000ece        0x0 d:/documents/embedded systems/tooling/toolchains/avr/bin/../lib/gcc/avr/7.3.0/avr5\libgcc.a(_exit.o)
 .text.libgcc.mul
                0x00000ece        0x0 d:/documents/embedded systems/tooling/toolchains/avr/bin/../lib/gcc/avr/7.3.0/avr5\libgcc.a(_copy_data.o)
 .text.libgcc.div
                0x00000ece        0x0 d:/documents/embedded systems/tooling/toolchains/avr/bin/../lib/gcc/avr/7.3.0/avr5\libgcc.a(_copy_data.o)
 .text.libgcc   0x00000ece        0x0 d:/documents/embedded systems/tooling/toolchains/avr/bin/../lib/gcc/avr/7.3.0/avr5\libgcc.a(_copy_data.o)
 .text.libgcc.prologue
                0x00000ece        0x0 d:/documents/embedded systems/tooling/toolchains/avr/bin/../lib/gcc/avr/7.3.0/avr5\libgcc.a(_copy_data.o)
 .text.libgcc.builtins
                0x00000ece        0x0 d:/documents/embedded systems/tooling/toolchains/avr/bin/../lib/gcc/avr/7.3.0/avr5\libgcc.a(_copy_data.o)
 .text.libgcc.fmul
                0x00000ece        0x0 d:/documents/embedded systems/tooling/toolchains/avr/bin/../lib/gcc/avr/7.3.0/avr5\libgcc.a(_copy_data.o)
 .text.libgcc.fixed
                0x00000ece        0x0 d:/documents/embedded systems/tooling/toolchains/avr/bin/../lib/gcc/avr/7.3.0/avr5\libgcc.a(_copy_data.o)
 .text.libgcc.mul
                0x00000ece        0x0 d:/documents/embedded systems/tooling/toolchains/avr/bin/../lib/gcc/avr/7.3.0/avr5\libgcc.a(_clear_bss.o)
 .text.libgcc.div
                0x00000ece        0x0 d:/documents/embedded systems/tooling/toolchains/avr/bin/../lib/gcc/avr/7.3.0/avr5\libgcc.a(_clear_bss.o)
 .text.libgcc   0x00000ece        0x0 d:/documents/embedded systems/tooling/toolchains/avr/bin/../lib/gcc/avr/7.3.0/avr5\libgcc.a(_clear_bss.o)
 .text.libgcc.prologue
                0x00000ece        0x0 d:/documents/embedded systems/tooling/toolchains/avr/bin/../lib/gcc/avr/7.3.0/avr5\libgcc.a(_clear_bss.o)
 .text.libgcc.builtins
                0x00000ece        0x0 d:/documents/embedded systems/tooling/toolchains/avr/bin/../lib/gcc/avr/7.3.0/avr5\libgcc.a(_clear_bss.o)
 .text.libgcc.fmul
                0x00000ece        0x0 d:/documents/embedded systems/tooling/toolchains/avr/bin/../lib/gcc/avr/7.3.0/avr5\libgcc.a(_clear_bss.o)
 .text.libgcc.fixed
                0x00000ece        0x0 d:/documents/embedded systems/tooling/toolchains/avr/bin/../lib/gcc/avr/7.3.0/avr5\libgcc.a(_clear_bss.o)
 .text.libgcc.mul
                0x00000ece       0x1e d:/documents/embedded systems/tooling/toolchains/avr/bin/../lib/gcc/avr/7.3.0/avr5\libgcc.a(_umulhisi3.o)
                0x00000ece                __umulhisi3
 .text.libgcc.div
                0x00000eec        0x0 d:/documents/embedded systems/tooling/toolchains/avr/bin/../lib/gcc/avr/7.3.0/avr5\libgcc.a(_umulhisi3.o)
 .text.libgcc   0x00000eec        0x0 d:/documents/embedded systems/tooling/toolchains/avr/bin/../lib/gcc/avr/7.3.0/avr5\libgcc.a(_umulhisi3.o)
 .text.libgcc.prologue
                0x00000eec        0x0 d:/documents/embedded systems/tooling/toolchains/avr/bin/../lib/gcc/avr/7.3.0/avr5\libgcc.a(_umulhisi3.o)
 .text.libgcc.builtins
                0x00000eec        0x0 d:/documents/embedded systems/tooling/toolchains/avr/bin/../lib/gcc/avr/7.3.0/avr5\libgcc.a(_umulhisi3.o)
 .text.libgcc.fmul
                0x00000eec        0x0 d:/documents/embedded systems/tooling/toolchains/avr/bin/../lib/gcc/avr/7.3.0/avr5\libgcc.a(_umulhisi3.o)
 .text.libgcc.fixed
                0x00000eec        0x0 d:/documents/embedded systems/tooling/toolchains/avr/bin/../lib/gcc/avr/7.3.0/avr5\libgcc.a(_umulhisi3.o)
                0x00000eec                . = ALIGN (0x2)
 *(.fini9)
 .fini9         0x00000eec        0x0 d:/documents/embedded systems/tooling/toolchains/avr/bin/../lib/gcc/avr/7.3.0/avr5\libgcc.a(_exit.o)
                0x00000eec                _exit
                0x00000eec                exit
 *(.fini9)
 *(.fini8)
 *(.fini8)
 *(.fini7)
 *(.fini7)
 *(.fini6)
 *(.fini6)
 *(.fini5)
 *(.fini5)
 *(.fini4)
 *(.fini4)
 *(.fini3)
 *(.fini3)
 *(.fini2)
 *(.fini2)
 *(.fini1)
 *(.fini1)
 *(.fini0)
 .fini0         0x00000eec        0x4 d:/documents/embedded systems/tooling/toolchains/avr/bin/../lib/gcc/avr/7.3.0/avr5\libgcc.a(_exit.o)
 *(.fini0)
                0x00000ef0                _etext = .

.data           0x00800060       0x2c load address 0x00000ef0
                0x00800060                PROVIDE (__data_start, .)
 *(.data)
 .data          0x00800060        0x0 d:/documents/embedded systems/tooling/toolchains/avr/bin/../lib/gcc/avr/7.3.0/../../../../avr/lib/avr5/crtatmega32.o
 .data          0x00800060        0x0 main.o
 .data          0x00800060        0x0 MDIO_program.o
 .data          0x00800060        0x0 MEXTI_program.o
 .data          0x00800060        0x0 MADC_program.o
 .data          0x00800060        0x0 MTIMER_program.o
 .data          0x00800060        0x0 MUART_program.o
 .data          0x00800060        0x0 MSPI_program.o
 .data          0x00800060        0x0 MTWI_program.o
 .data          0x00800060        0x0 HLED_program.o
 .data          0x00800060        0x0 HPBUTT_program.o
 .data          0x00800060        0x0 HSEV_SEG_program.o
 .data          0x00800060        0x0 HLCD_program.o
 .data          0x00800060        0x0 HKPD_program.o
 .data          0x00800060        0x0 HEEP_program.o
 .data          0x00800060        0x0 STTS_program.o
 .data          0x00800060        0x0 d:/documents/embedded systems/tooling/toolchains/avr/bin/../lib/gcc/avr/7.3.0/avr5\libgcc.a(_udivmodsi4.o)
 .data          0x00800060        0x0 d:/documents/embedded systems/tooling/toolchains/avr/bin/../lib/gcc/avr/7.3.0/avr5\libgcc.a(_exit.o)
 .data          0x00800060        0x0 d:/documents/embedded systems/tooling/toolchains/avr/bin/../lib/gcc/avr/7.3.0/avr5\libgcc.a(_copy_data.o)
 .data          0x00800060        0x0 d:/documents/embedded systems/tooling/toolchains/avr/bin/../lib/gcc/avr/7.3.0/avr5\libgcc.a(_clear_bss.o)
 .data          0x00800060        0x0 d:/documents/embedded systems/tooling/toolchains/avr/bin/../lib/gcc/avr/7.3.0/avr5\libgcc.a(_umulhisi3.o)
 *(.data*)
 *(.gnu.linkonce.d*)
 *(.rodata)
 .rodata        0x00800060        0x3 main.o
 .rodata        0x00800063       0x18 MDIO_program.o
 .rodata        0x0080007b       0x10 HKPD_program.o
 *(.rodata*)
 *(.gnu.linkonce.r*)
                0x0080008c                . = ALIGN (0x2)
 *fill*         0x0080008b        0x1 
                0x0080008c                _edata = .
                0x0080008c                PROVIDE (__data_end, .)

.bss            0x0080008c       0x1c
                0x0080008c                PROVIDE (__bss_start, .)
 *(.bss)
 .bss           0x0080008c        0x0 d:/documents/embedded systems/tooling/toolchains/avr/bin/../lib/gcc/avr/7.3.0/../../../../avr/lib/avr5/crtatmega32.o
 .bss           0x0080008c        0x0 main.o
 .bss           0x0080008c        0x0 MDIO_program.o
 .bss           0x0080008c        0x6 MEXTI_program.o
 .bss           0x00800092        0x0 MADC_program.o
 .bss           0x00800092        0xd MTIMER_program.o
 .bss           0x0080009f        0x0 MUART_program.o
 .bss           0x0080009f        0x1 MSPI_program.o
 .bss           0x008000a0        0x0 MTWI_program.o
 .bss           0x008000a0        0x0 HLED_program.o
 .bss           0x008000a0        0x0 HPBUTT_program.o
 .bss           0x008000a0        0x0 HSEV_SEG_program.o
 .bss           0x008000a0        0x0 HLCD_program.o
 .bss           0x008000a0        0x0 HKPD_program.o
 .bss           0x008000a0        0x0 HEEP_program.o
 .bss           0x008000a0        0x8 STTS_program.o
 .bss           0x008000a8        0x0 d:/documents/embedded systems/tooling/toolchains/avr/bin/../lib/gcc/avr/7.3.0/avr5\libgcc.a(_udivmodsi4.o)
 .bss           0x008000a8        0x0 d:/documents/embedded systems/tooling/toolchains/avr/bin/../lib/gcc/avr/7.3.0/avr5\libgcc.a(_exit.o)
 .bss           0x008000a8        0x0 d:/documents/embedded systems/tooling/toolchains/avr/bin/../lib/gcc/avr/7.3.0/avr5\libgcc.a(_copy_data.o)
 .bss           0x008000a8        0x0 d:/documents/embedded systems/tooling/toolchains/avr/bin/../lib/gcc/avr/7.3.0/avr5\libgcc.a(_clear_bss.o)
 .bss           0x008000a8        0x0 d:/documents/embedded systems/tooling/toolchains/avr/bin/../lib/gcc/avr/7.3.0/avr5\libgcc.a(_umulhisi3.o)
 *(.bss*)
 *(COMMON)
                0x008000a8                PROVIDE (__bss_end, .)
                0x00000ef0                __data_load_start = LOADADDR (.data)
                0x00000f1c                __data_load_end = (__data_load_start + SIZEOF (.data))

.noinit         0x008000a8        0x0
                [!provide]                PROVIDE (__noinit_start, .)
 *(.noinit*)
                [!provide]                PROVIDE (__noinit_end, .)
                0x008000a8                _end = .
                [!provide]                PROVIDE (__heap_start, .)

.eeprom         0x00810000        0x0
 *(.eeprom*)
                0x00810000                __eeprom_end = .

.fuse
 *(.fuse)
 *(.lfuse)
 *(.hfuse)
 *(.efuse)

.lock
 *(.lock*)

.signature
 *(.signature*)

.user_signatures
 *(.user_signatures*)

.stab
 *(.stab)

.stabstr
 *(.stabstr)

.stab.excl
 *(.stab.excl)

.stab.exclstr
 *(.stab.exclstr)

.stab.index
 *(.stab.index)

.stab.indexstr
 *(.stab.indexstr)

.comment        0x00000000       0x11
 *(.comment)
 .comment       0x00000000       0x11 main.o
                                 0x12 (size before relaxing)
 .comment       0x00000011       0x12 MDIO_program.o
 .comment       0x00000011       0x12 MEXTI_program.o
 .comment       0x00000011       0x12 MADC_program.o
 .comment       0x00000011       0x12 MTIMER_program.o
 .comment       0x00000011       0x12 MUART_program.o
 .comment       0x00000011       0x12 MSPI_program.o
 .comment       0x00000011       0x12 MTWI_program.o
 .comment       0x00000011       0x12 HLED_program.o
 .comment       0x00000011       0x12 HPBUTT_program.o
 .comment       0x00000011       0x12 HSEV_SEG_program.o
 .comment       0x00000011       0x12 HLCD_program.o
 .comment       0x00000011       0x12 HKPD_program.o
 .comment       0x00000011       0x12 HEEP_program.o
 .comment       0x00000011       0x12 STTS_program.o

.note.gnu.avr.deviceinfo
                0x00000000       0x3c
 .note.gnu.avr.deviceinfo
                0x00000000       0x3c d:/documents/embedded systems/tooling/toolchains/avr/bin/../lib/gcc/avr/7.3.0/../../../../avr/lib/avr5/crtatmega32.o

.note.gnu.build-id
 *(.note.gnu.build-id)

.debug
 *(.debug)

.line
 *(.line)

.debug_srcinfo
 *(.debug_srcinfo)

.debug_sfnames
 *(.debug_sfnames)

.debug_aranges  0x00000000       0xa0
 *(.debug_aranges)
 .debug_aranges
                0x00000000       0x20 d:/documents/embedded systems/tooling/toolchains/avr/bin/../lib/gcc/avr/7.3.0/avr5\libgcc.a(_udivmodsi4.o)
 .debug_aranges
                0x00000020       0x20 d:/documents/embedded systems/tooling/toolchains/avr/bin/../lib/gcc/avr/7.3.0/avr5\libgcc.a(_exit.o)
 .debug_aranges
                0x00000040       0x20 d:/documents/embedded systems/tooling/toolchains/avr/bin/../lib/gcc/avr/7.3.0/avr5\libgcc.a(_copy_data.o)
 .debug_aranges
                0x00000060       0x20 d:/documents/embedded systems/tooling/toolchains/avr/bin/../lib/gcc/avr/7.3.0/avr5\libgcc.a(_clear_bss.o)
 .debug_aranges
                0x00000080       0x20 d:/documents/embedded systems/tooling/toolchains/avr/bin/../lib/gcc/avr/7.3.0/avr5\libgcc.a(_umulhisi3.o)

.debug_pubnames
 *(.debug_pubnames)

.debug_info     0x00000000      0x88d
 *(.debug_info .gnu.linkonce.wi.*)
 .debug_info    0x00000000      0x4e6 d:/documents/embedded systems/tooling/toolchains/avr/bin/../lib/gcc/avr/7.3.0/../../../../avr/lib/avr5/crtatmega32.o
 .debug_info    0x000004e6       0xbb d:/documents/embedded systems/tooling/toolchains/avr/bin/../lib/gcc/avr/7.3.0/avr5\libgcc.a(_udivmodsi4.o)
 .debug_info    0x000005a1       0xbb d:/documents/embedded systems/tooling/toolchains/avr/bin/../lib/gcc/avr/7.3.0/avr5\libgcc.a(_exit.o)
 .debug_info    0x0000065c       0xbb d:/documents/embedded systems/tooling/toolchains/avr/bin/../lib/gcc/avr/7.3.0/avr5\libgcc.a(_copy_data.o)
 .debug_info    0x00000717       0xbb d:/documents/embedded systems/tooling/toolchains/avr/bin/../lib/gcc/avr/7.3.0/avr5\libgcc.a(_clear_bss.o)
 .debug_info    0x000007d2       0xbb d:/documents/embedded systems/tooling/toolchains/avr/bin/../lib/gcc/avr/7.3.0/avr5\libgcc.a(_umulhisi3.o)

.debug_abbrev   0x00000000      0x507
 *(.debug_abbrev)
 .debug_abbrev  0x00000000      0x4a3 d:/documents/embedded systems/tooling/toolchains/avr/bin/../lib/gcc/avr/7.3.0/../../../../avr/lib/avr5/crtatmega32.o
 .debug_abbrev  0x000004a3       0x14 d:/documents/embedded systems/tooling/toolchains/avr/bin/../lib/gcc/avr/7.3.0/avr5\libgcc.a(_udivmodsi4.o)
 .debug_abbrev  0x000004b7       0x14 d:/documents/embedded systems/tooling/toolchains/avr/bin/../lib/gcc/avr/7.3.0/avr5\libgcc.a(_exit.o)
 .debug_abbrev  0x000004cb       0x14 d:/documents/embedded systems/tooling/toolchains/avr/bin/../lib/gcc/avr/7.3.0/avr5\libgcc.a(_copy_data.o)
 .debug_abbrev  0x000004df       0x14 d:/documents/embedded systems/tooling/toolchains/avr/bin/../lib/gcc/avr/7.3.0/avr5\libgcc.a(_clear_bss.o)
 .debug_abbrev  0x000004f3       0x14 d:/documents/embedded systems/tooling/toolchains/avr/bin/../lib/gcc/avr/7.3.0/avr5\libgcc.a(_umulhisi3.o)

.debug_line     0x00000000      0x36c
 *(.debug_line .debug_line.* .debug_line_end)
 .debug_line    0x00000000       0x1a d:/documents/embedded systems/tooling/toolchains/avr/bin/../lib/gcc/avr/7.3.0/../../../../avr/lib/avr5/crtatmega32.o
 .debug_line    0x0000001a      0x122 d:/documents/embedded systems/tooling/toolchains/avr/bin/../lib/gcc/avr/7.3.0/avr5\libgcc.a(_udivmodsi4.o)
 .debug_line    0x0000013c       0x62 d:/documents/embedded systems/tooling/toolchains/avr/bin/../lib/gcc/avr/7.3.0/avr5\libgcc.a(_exit.o)
 .debug_line    0x0000019e       0x98 d:/documents/embedded systems/tooling/toolchains/avr/bin/../lib/gcc/avr/7.3.0/avr5\libgcc.a(_copy_data.o)
 .debug_line    0x00000236       0x86 d:/documents/embedded systems/tooling/toolchains/avr/bin/../lib/gcc/avr/7.3.0/avr5\libgcc.a(_clear_bss.o)
 .debug_line    0x000002bc       0xb0 d:/documents/embedded systems/tooling/toolchains/avr/bin/../lib/gcc/avr/7.3.0/avr5\libgcc.a(_umulhisi3.o)

.debug_frame
 *(.debug_frame)

.debug_str      0x00000000      0x196
 *(.debug_str)
 .debug_str     0x00000000      0x196 d:/documents/embedded systems/tooling/toolchains/avr/bin/../lib/gcc/avr/7.3.0/../../../../avr/lib/avr5/crtatmega32.o

.debug_loc
 *(.debug_loc)

.debug_macinfo
 *(.debug_macinfo)

.debug_weaknames
 *(.debug_weaknames)

.debug_funcnames
 *(.debug_funcnames)

.debug_typenames
 *(.debug_typenames)

.debug_varnames
 *(.debug_varnames)

.debug_pubtypes
 *(.debug_pubtypes)

.debug_ranges
 *(.debug_ranges)

.debug_macro
 *(.debug_macro)
OUTPUT(main.elf elf32-avr)
LOAD linker stubs
