Archive member included to satisfy reference by file (symbol)

d:/documents/embedded systems/tooling/toolchains/avr/bin/../lib/gcc/avr/7.3.0/avr5\libgcc.a(_udivmodsi4.o)
                              MTIMER_program.o (__udivmodsi4)
d:/documents/embedded systems/tooling/toolchains/avr/bin/../lib/gcc/avr/7.3.0/avr5\libgcc.a(_exit.o)
                              d:/documents/embedded systems/tooling/toolchains/avr/bin/../lib/gcc/avr/7.3.0/../../../../avr/lib/avr5/crtatmega32.o (exit)
d:/documents/embedded systems/tooling/toolchains/avr/bin/../lib/gcc/avr/7.3.0/avr5\libgcc.a(_copy_data.o)
                              main.o (__do_copy_data)
d:/documents/embedded systems/tooling/toolchains/avr/bin/../lib/gcc/avr/7.3.0/avr5\libgcc.a(_clear_bss.o)
                              MEXTI_program.o (__do_clear_bss)
d:/documents/embedded systems/tooling/toolchains/avr/bin/../lib/gcc/avr/7.3.0/avr5\libgcc.a(_umulhisi3.o)
                              MTIMER_program.o (__umulhisi3)
d:/documents/embedded systems/tooling/toolchains/avr/bin/../lib/gcc/avr/7.3.0/../../../../avr/lib/avr5\libc.a(memcpy.o)
                              queue.o (memcpy)

Memory Configuration

Name             Origin             Length             Attributes
text             0x00000000         0x00020000         xr
data             0x00800060         0x0000ffa0         rw !x
eeprom           0x00810000         0x00010000         rw !x
fuse             0x00820000         0x00000002         rw !x
lock             0x00830000         0x00000400         rw !x
signature        0x00840000         0x00000400         rw !x
user_signatures  0x00850000         0x00000400         rw !x
*default*        0x00000000         0xffffffff

Linker script and memory map

LOAD d:/documents/embedded systems/tooling/toolchains/avr/bin/../lib/gcc/avr/7.3.0/../../../../avr/lib/avr5/crtatmega32.o
LOAD main.o
LOAD MDIO_program.o
LOAD MEXTI_program.o
LOAD MADC_program.o
LOAD MTIMER_program.o
LOAD MUART_program.o
LOAD MSPI_program.o
LOAD MTWI_program.o
LOAD HLED_program.o
LOAD HPBUTT_program.o
LOAD HSEV_SEG_program.o
LOAD HLCD_program.o
LOAD HKPD_program.o
LOAD HEEP_program.o
LOAD STTS_program.o
LOAD croutine.o
LOAD event_groups.o
LOAD heap_1.o
LOAD list.o
LOAD queue.o
LOAD stream_buffer.o
LOAD tasks.o
LOAD timers.o
LOAD port.o
START GROUP
LOAD d:/documents/embedded systems/tooling/toolchains/avr/bin/../lib/gcc/avr/7.3.0/avr5\libgcc.a
LOAD d:/documents/embedded systems/tooling/toolchains/avr/bin/../lib/gcc/avr/7.3.0/../../../../avr/lib/avr5\libm.a
LOAD d:/documents/embedded systems/tooling/toolchains/avr/bin/../lib/gcc/avr/7.3.0/../../../../avr/lib/avr5\libc.a
LOAD d:/documents/embedded systems/tooling/toolchains/avr/bin/../lib/gcc/avr/7.3.0/../../../../avr/lib/avr5\libatmega32.a
END GROUP
                0x00020000                __TEXT_REGION_LENGTH__ = DEFINED (__TEXT_REGION_LENGTH__)?__TEXT_REGION_LENGTH__:0x20000
                0x0000ffa0                __DATA_REGION_LENGTH__ = DEFINED (__DATA_REGION_LENGTH__)?__DATA_REGION_LENGTH__:0xffa0
                0x00010000                __EEPROM_REGION_LENGTH__ = DEFINED (__EEPROM_REGION_LENGTH__)?__EEPROM_REGION_LENGTH__:0x10000
                [0x00000002]                __FUSE_REGION_LENGTH__ = DEFINED (__FUSE_REGION_LENGTH__)?__FUSE_REGION_LENGTH__:0x400
                0x00000400                __LOCK_REGION_LENGTH__ = DEFINED (__LOCK_REGION_LENGTH__)?__LOCK_REGION_LENGTH__:0x400
                0x00000400                __SIGNATURE_REGION_LENGTH__ = DEFINED (__SIGNATURE_REGION_LENGTH__)?__SIGNATURE_REGION_LENGTH__:0x400
                0x00000400                __USER_SIGNATURE_REGION_LENGTH__ = DEFINED (__USER_SIGNATURE_REGION_LENGTH__)?__USER_SIGNATURE_REGION_LENGTH__:0x400
                0x00800060                __DATA_REGION_ORIGIN__ = DEFINED (__DATA_REGION_ORIGIN__)?__DATA_REGION_ORIGIN__:0x800060

.hash
 *(.hash)

.dynsym
 *(.dynsym)

.dynstr
 *(.dynstr)

.gnu.version
 *(.gnu.version)

.gnu.version_d
 *(.gnu.version_d)

.gnu.version_r
 *(.gnu.version_r)

.rel.init
 *(.rel.init)

.rela.init
 *(.rela.init)

.rel.text
 *(.rel.text)
 *(.rel.text.*)
 *(.rel.gnu.linkonce.t*)

.rela.text
 *(.rela.text)
 *(.rela.text.*)
 *(.rela.gnu.linkonce.t*)

.rel.fini
 *(.rel.fini)

.rela.fini
 *(.rela.fini)

.rel.rodata
 *(.rel.rodata)
 *(.rel.rodata.*)
 *(.rel.gnu.linkonce.r*)

.rela.rodata
 *(.rela.rodata)
 *(.rela.rodata.*)
 *(.rela.gnu.linkonce.r*)

.rel.data
 *(.rel.data)
 *(.rel.data.*)
 *(.rel.gnu.linkonce.d*)

.rela.data
 *(.rela.data)
 *(.rela.data.*)
 *(.rela.gnu.linkonce.d*)

.rel.ctors
 *(.rel.ctors)

.rela.ctors
 *(.rela.ctors)

.rel.dtors
 *(.rel.dtors)

.rela.dtors
 *(.rela.dtors)

.rel.got
 *(.rel.got)

.rela.got
 *(.rela.got)

.rel.bss
 *(.rel.bss)

.rela.bss
 *(.rela.bss)

.rel.plt
 *(.rel.plt)

.rela.plt
 *(.rela.plt)

.text           0x00000000     0x3fd2
 *(.vectors)
 .vectors       0x00000000       0x54 d:/documents/embedded systems/tooling/toolchains/avr/bin/../lib/gcc/avr/7.3.0/../../../../avr/lib/avr5/crtatmega32.o
                0x00000000                __vector_default
                0x00000000                __vectors
 *(.vectors)
 *(.progmem.gcc*)
                0x00000054                . = ALIGN (0x2)
                0x00000054                __trampolines_start = .
 *(.trampolines)
 .trampolines   0x00000054        0x0 linker stubs
 *(.trampolines*)
                0x00000054                __trampolines_end = .
 *libprintf_flt.a:*(.progmem.data)
 *libc.a:*(.progmem.data)
 *(.progmem*)
                0x00000054                . = ALIGN (0x2)
 *(.jumptables)
 *(.jumptables*)
 *(.lowtext)
 *(.lowtext*)
                0x00000054                __ctors_start = .
 *(.ctors)
                0x00000054                __ctors_end = .
                0x00000054                __dtors_start = .
 *(.dtors)
                0x00000054                __dtors_end = .
 SORT(*)(.ctors)
 SORT(*)(.dtors)
 *(.init0)
 .init0         0x00000054        0x0 d:/documents/embedded systems/tooling/toolchains/avr/bin/../lib/gcc/avr/7.3.0/../../../../avr/lib/avr5/crtatmega32.o
                0x00000054                __init
 *(.init0)
 *(.init1)
 *(.init1)
 *(.init2)
 .init2         0x00000054        0xc d:/documents/embedded systems/tooling/toolchains/avr/bin/../lib/gcc/avr/7.3.0/../../../../avr/lib/avr5/crtatmega32.o
 *(.init2)
 *(.init3)
 *(.init3)
 *(.init4)
 .init4         0x00000060       0x16 d:/documents/embedded systems/tooling/toolchains/avr/bin/../lib/gcc/avr/7.3.0/avr5\libgcc.a(_copy_data.o)
                0x00000060                __do_copy_data
 .init4         0x00000076       0x10 d:/documents/embedded systems/tooling/toolchains/avr/bin/../lib/gcc/avr/7.3.0/avr5\libgcc.a(_clear_bss.o)
                0x00000076                __do_clear_bss
 *(.init4)
 *(.init5)
 *(.init5)
 *(.init6)
 *(.init6)
 *(.init7)
 *(.init7)
 *(.init8)
 *(.init8)
 *(.init9)
 .init9         0x00000086        0x8 d:/documents/embedded systems/tooling/toolchains/avr/bin/../lib/gcc/avr/7.3.0/../../../../avr/lib/avr5/crtatmega32.o
 *(.init9)
 *(.text)
 .text          0x0000008e        0x4 d:/documents/embedded systems/tooling/toolchains/avr/bin/../lib/gcc/avr/7.3.0/../../../../avr/lib/avr5/crtatmega32.o
                0x0000008e                __vector_12
                0x0000008e                __bad_interrupt
                0x0000008e                __vector_6
                0x0000008e                __vector_11
                0x0000008e                __vector_13
                0x0000008e                __vector_17
                0x0000008e                __vector_19
                0x0000008e                __vector_5
                0x0000008e                __vector_4
                0x0000008e                __vector_9
                0x0000008e                __vector_15
                0x0000008e                __vector_8
                0x0000008e                __vector_14
                0x0000008e                __vector_16
                0x0000008e                __vector_18
                0x0000008e                __vector_20
 .text          0x00000092       0x58 main.o
                0x00000092                taskInit
                0x000000ae                task1
                0x000000c2                task2
                0x000000d6                task3
 .text          0x000000ea       0xe6 MDIO_program.o
                0x000000ea                mdio_setPinStatus
                0x00000152                mdio_setPinValue
                0x00000190                mdio_togglePinValue
                0x000001aa                mdio_getPinValue
 .text          0x000001d0      0x194 MEXTI_program.o
                0x000001d0                mexti_enableExternalInterrupt
                0x000001f0                mexti_disableExternalInterrupt
                0x00000210                mexti_attachISR
                0x0000026e                __vector_1
                0x000002c0                __vector_2
                0x00000312                __vector_3
 .text          0x00000364       0x44 MADC_program.o
                0x00000364                madc_init
                0x0000037e                madc_singleConversion
 .text          0x000003a8      0x2a0 MTIMER_program.o
                0x000003ca                mtimer_init
                0x000003f4                mtimer_delayMs_synchronous
                0x00000440                mtimer_delayMs_asynchronous
                0x00000480                mtimer_runPWM_signal
                0x00000488                mtimer_startPWM_signal
                0x0000049a                mtimer_stopPWM_signal
                0x000004b8                mtimer_getSignal_duty_and_freq
                0x00000598                __vector_10
 .text          0x00000648       0x44 MUART_program.o
                0x00000648                muart_init
                0x00000658                muart_sendByte
                0x00000666                muart_recvByte
                0x00000672                muart_sendStream
 .text          0x0000068c       0x56 MSPI_program.o
                0x0000068c                mspi_init
                0x000006b6                mspi_masterSendRecv_byte
                0x000006c4                mspi_slaveSendRecv_byte
 .text          0x000006e2       0x6c MTWI_program.o
                0x000006e2                mtwi_init
                0x000006ea                mtwi_start
                0x00000710                mtwi_stop
                0x0000071c                mtwi_masterSend
                0x0000072a                mtwi_masterRecv_ACK
                0x0000073c                mtwi_masterRecv_NACK
 .text          0x0000074e       0x8a HLED_program.o
                0x0000074e                hled_init
                0x00000772                hled_ledValueON
                0x00000796                hled_ledValueOFF
                0x000007ba                hled_toggleLedValue
 .text          0x000007d8       0x44 HPBUTT_program.o
                0x000007d8                hpbutt_init
                0x000007fc                hpbutt_getStatus
 .text          0x0000081c       0xc4 HSEV_SEG_program.o
                0x0000081c                hsev_seg_init
                0x00000866                hsev_seg_enable
                0x00000880                hsev_seg_disable
                0x0000089a                hsev_seg_displayNumber
 .text          0x000008e0      0x27a HLCD_program.o
                0x00000a74                hlcd_init
                0x00000b36                hlcd_displayCharacter
                0x00000b3a                hlcd_displayString
                0x00000b52                hlcd_displayPosition
 .text          0x00000b5a      0x108 HKPD_program.o
                0x00000b5a                hkpd_init
                0x00000b78                hkpd_getPressedButton
 .text          0x00000c62      0x15a HEEP_program.o
                0x00000c62                heeprom_init
                0x00000c66                heeprom_writeByte
                0x00000ca2                heeprom_writeDataStream
                0x00000cf8                heeprom_readByte
                0x00000d48                heeprom_readDataStream
 .text          0x00000dbc       0x44 STTS_program.o
                0x00000dbc                stts_init
                0x00000dce                stts_run
                0x00000df0                stts_addTask
 .text          0x00000e00        0x0 croutine.o
 .text          0x00000e00      0x484 event_groups.o
                0x00000e00                xEventGroupCreate
                0x00000e2a                xEventGroupWaitBits
                0x00000f8a                xEventGroupClearBits
                0x00000fc4                xEventGroupGetBitsFromISR
                0x00000fd0                xEventGroupSetBits
                0x000010ce                xEventGroupSync
                0x0000124c                vEventGroupDelete
                0x0000127c                vEventGroupSetBitsCallback
                0x00001280                vEventGroupClearBitsCallback
 .text          0x00001284       0x8e heap_1.o
                0x00001284                pvPortMalloc
                0x000012f4                vPortFree
                0x000012f6                vPortInitialiseBlocks
                0x00001300                xPortGetFreeHeapSize
 .text          0x00001312      0x138 list.o
                0x00001312                vListInitialise
                0x00001334                vListInitialiseItem
                0x0000133c                vListInsertEnd
                0x0000137c                vListInsert
                0x00001402                uxListRemove
 .text          0x0000144a      0x888 queue.o
                0x000015a4                xQueueGenericReset
                0x00001630                xQueueGenericCreate
                0x00001680                xQueueGenericSend
                0x000017be                xQueueGenericSendFromISR
                0x0000181e                xQueueGiveFromISR
                0x00001866                xQueueReceive
                0x000019a0                xQueueSemaphoreTake
                0x00001ac2                xQueuePeek
                0x00001bfc                xQueueReceiveFromISR
                0x00001c5c                xQueuePeekFromISR
                0x00001c8a                uxQueueMessagesWaiting
                0x00001c9a                uxQueueSpacesAvailable
                0x00001cae                uxQueueMessagesWaitingFromISR
                0x00001cb4                vQueueDelete
                0x00001cb8                xQueueIsQueueEmptyFromISR
                0x00001cc4                xQueueIsQueueFullFromISR
 .text          0x00001cd2      0x84c stream_buffer.o
                0x00001f26                xStreamBufferGenericCreate
                0x00001f8a                vStreamBufferDelete
                0x00001f9e                xStreamBufferReset
                0x00001fe4                xStreamBufferSetTriggerLevel
                0x00002006                xStreamBufferSpacesAvailable
                0x0000203a                xStreamBufferBytesAvailable
                0x0000203e                xStreamBufferSend
                0x000021d2                xStreamBufferSendFromISR
                0x0000225e                xStreamBufferReceive
                0x00002362                xStreamBufferNextMessageLengthBytes
                0x000023b0                xStreamBufferReceiveFromISR
                0x0000243a                xStreamBufferIsEmpty
                0x00002450                xStreamBufferIsFull
                0x0000247a                xStreamBufferSendCompletedFromISR
                0x000024cc                xStreamBufferReceiveCompletedFromISR
 .text          0x0000251e     0x1726 tasks.o
                0x0000267c                xTaskCreate
                0x000028ca                vTaskDelete
                0x00002982                vTaskStartScheduler
                0x000029e6                vTaskEndScheduler
                0x000029f0                vTaskSuspendAll
                0x000029fc                xTaskGetTickCount
                0x00002a18                xTaskGetTickCountFromISR
                0x00002a2a                uxTaskGetNumberOfTasks
                0x00002a30                pcTaskGetName
                0x00002a40                xTaskIncrementTick
                0x00002c8c                xTaskResumeAll
                0x00002e3e                xTaskDelayUntil
                0x00002ef4                vTaskDelay
                0x00002f2e                xTaskCatchUpTicks
                0x00002f72                vTaskSwitchContext
                0x00002ffa                vTaskPlaceOnEventList
                0x00003026                vTaskPlaceOnUnorderedEventList
                0x000030b8                xTaskRemoveFromEventList
                0x00003202                vTaskRemoveFromUnorderedEventList
                0x00003314                vTaskSetTimeOutState
                0x00003340                vTaskInternalSetTimeOutState
                0x00003362                xTaskCheckForTimeOut
                0x000033f0                vTaskMissedYield
                0x000033f8                xTaskGetCurrentTaskHandle
                0x00003402                uxTaskResetEventItemValue
                0x00003444                ulTaskGenericNotifyTake
                0x0000352c                xTaskGenericNotifyWait
                0x0000367a                xTaskGenericNotify
                0x00003848                xTaskGenericNotifyFromISR
                0x00003a66                vTaskGenericNotifyGiveFromISR
                0x00003bbc                xTaskGenericNotifyStateClear
                0x00003be8                ulTaskGenericNotifyValueClear
 .text          0x00003c44        0x0 timers.o
 .text          0x00003c44      0x2b4 port.o
                0x00003c44                pxPortInitialiseStack
                0x00003d1c                xPortStartScheduler
                0x00003d86                vPortEndScheduler
                0x00003d88                vPortYield
                0x00003e3a                vPortYieldFromTick
                0x00003ef2                __vector_7
 .text          0x00003ef8        0x0 d:/documents/embedded systems/tooling/toolchains/avr/bin/../lib/gcc/avr/7.3.0/avr5\libgcc.a(_udivmodsi4.o)
 .text          0x00003ef8        0x0 d:/documents/embedded systems/tooling/toolchains/avr/bin/../lib/gcc/avr/7.3.0/avr5\libgcc.a(_exit.o)
 .text          0x00003ef8        0x0 d:/documents/embedded systems/tooling/toolchains/avr/bin/../lib/gcc/avr/7.3.0/avr5\libgcc.a(_copy_data.o)
 .text          0x00003ef8        0x0 d:/documents/embedded systems/tooling/toolchains/avr/bin/../lib/gcc/avr/7.3.0/avr5\libgcc.a(_clear_bss.o)
 .text          0x00003ef8        0x0 d:/documents/embedded systems/tooling/toolchains/avr/bin/../lib/gcc/avr/7.3.0/avr5\libgcc.a(_umulhisi3.o)
 .text          0x00003ef8        0x0 d:/documents/embedded systems/tooling/toolchains/avr/bin/../lib/gcc/avr/7.3.0/../../../../avr/lib/avr5\libc.a(memcpy.o)
                0x00003ef8                . = ALIGN (0x2)
 *(.text.*)
 .text.startup  0x00003ef8       0x62 main.o
                0x00003ef8                main
 .text.libgcc.mul
                0x00003f5a        0x0 d:/documents/embedded systems/tooling/toolchains/avr/bin/../lib/gcc/avr/7.3.0/avr5\libgcc.a(_udivmodsi4.o)
 .text.libgcc.div
                0x00003f5a       0x44 d:/documents/embedded systems/tooling/toolchains/avr/bin/../lib/gcc/avr/7.3.0/avr5\libgcc.a(_udivmodsi4.o)
                0x00003f5a                __udivmodsi4
 .text.libgcc   0x00003f9e        0x0 d:/documents/embedded systems/tooling/toolchains/avr/bin/../lib/gcc/avr/7.3.0/avr5\libgcc.a(_udivmodsi4.o)
 .text.libgcc.prologue
                0x00003f9e        0x0 d:/documents/embedded systems/tooling/toolchains/avr/bin/../lib/gcc/avr/7.3.0/avr5\libgcc.a(_udivmodsi4.o)
 .text.libgcc.builtins
                0x00003f9e        0x0 d:/documents/embedded systems/tooling/toolchains/avr/bin/../lib/gcc/avr/7.3.0/avr5\libgcc.a(_udivmodsi4.o)
 .text.libgcc.fmul
                0x00003f9e        0x0 d:/documents/embedded systems/tooling/toolchains/avr/bin/../lib/gcc/avr/7.3.0/avr5\libgcc.a(_udivmodsi4.o)
 .text.libgcc.fixed
                0x00003f9e        0x0 d:/documents/embedded systems/tooling/toolchains/avr/bin/../lib/gcc/avr/7.3.0/avr5\libgcc.a(_udivmodsi4.o)
 .text.libgcc.mul
                0x00003f9e        0x0 d:/documents/embedded systems/tooling/toolchains/avr/bin/../lib/gcc/avr/7.3.0/avr5\libgcc.a(_exit.o)
 .text.libgcc.div
                0x00003f9e        0x0 d:/documents/embedded systems/tooling/toolchains/avr/bin/../lib/gcc/avr/7.3.0/avr5\libgcc.a(_exit.o)
 .text.libgcc   0x00003f9e        0x0 d:/documents/embedded systems/tooling/toolchains/avr/bin/../lib/gcc/avr/7.3.0/avr5\libgcc.a(_exit.o)
 .text.libgcc.prologue
                0x00003f9e        0x0 d:/documents/embedded systems/tooling/toolchains/avr/bin/../lib/gcc/avr/7.3.0/avr5\libgcc.a(_exit.o)
 .text.libgcc.builtins
                0x00003f9e        0x0 d:/documents/embedded systems/tooling/toolchains/avr/bin/../lib/gcc/avr/7.3.0/avr5\libgcc.a(_exit.o)
 .text.libgcc.fmul
                0x00003f9e        0x0 d:/documents/embedded systems/tooling/toolchains/avr/bin/../lib/gcc/avr/7.3.0/avr5\libgcc.a(_exit.o)
 .text.libgcc.fixed
                0x00003f9e        0x0 d:/documents/embedded systems/tooling/toolchains/avr/bin/../lib/gcc/avr/7.3.0/avr5\libgcc.a(_exit.o)
 .text.libgcc.mul
                0x00003f9e        0x0 d:/documents/embedded systems/tooling/toolchains/avr/bin/../lib/gcc/avr/7.3.0/avr5\libgcc.a(_copy_data.o)
 .text.libgcc.div
                0x00003f9e        0x0 d:/documents/embedded systems/tooling/toolchains/avr/bin/../lib/gcc/avr/7.3.0/avr5\libgcc.a(_copy_data.o)
 .text.libgcc   0x00003f9e        0x0 d:/documents/embedded systems/tooling/toolchains/avr/bin/../lib/gcc/avr/7.3.0/avr5\libgcc.a(_copy_data.o)
 .text.libgcc.prologue
                0x00003f9e        0x0 d:/documents/embedded systems/tooling/toolchains/avr/bin/../lib/gcc/avr/7.3.0/avr5\libgcc.a(_copy_data.o)
 .text.libgcc.builtins
                0x00003f9e        0x0 d:/documents/embedded systems/tooling/toolchains/avr/bin/../lib/gcc/avr/7.3.0/avr5\libgcc.a(_copy_data.o)
 .text.libgcc.fmul
                0x00003f9e        0x0 d:/documents/embedded systems/tooling/toolchains/avr/bin/../lib/gcc/avr/7.3.0/avr5\libgcc.a(_copy_data.o)
 .text.libgcc.fixed
                0x00003f9e        0x0 d:/documents/embedded systems/tooling/toolchains/avr/bin/../lib/gcc/avr/7.3.0/avr5\libgcc.a(_copy_data.o)
 .text.libgcc.mul
                0x00003f9e        0x0 d:/documents/embedded systems/tooling/toolchains/avr/bin/../lib/gcc/avr/7.3.0/avr5\libgcc.a(_clear_bss.o)
 .text.libgcc.div
                0x00003f9e        0x0 d:/documents/embedded systems/tooling/toolchains/avr/bin/../lib/gcc/avr/7.3.0/avr5\libgcc.a(_clear_bss.o)
 .text.libgcc   0x00003f9e        0x0 d:/documents/embedded systems/tooling/toolchains/avr/bin/../lib/gcc/avr/7.3.0/avr5\libgcc.a(_clear_bss.o)
 .text.libgcc.prologue
                0x00003f9e        0x0 d:/documents/embedded systems/tooling/toolchains/avr/bin/../lib/gcc/avr/7.3.0/avr5\libgcc.a(_clear_bss.o)
 .text.libgcc.builtins
                0x00003f9e        0x0 d:/documents/embedded systems/tooling/toolchains/avr/bin/../lib/gcc/avr/7.3.0/avr5\libgcc.a(_clear_bss.o)
 .text.libgcc.fmul
                0x00003f9e        0x0 d:/documents/embedded systems/tooling/toolchains/avr/bin/../lib/gcc/avr/7.3.0/avr5\libgcc.a(_clear_bss.o)
 .text.libgcc.fixed
                0x00003f9e        0x0 d:/documents/embedded systems/tooling/toolchains/avr/bin/../lib/gcc/avr/7.3.0/avr5\libgcc.a(_clear_bss.o)
 .text.libgcc.mul
                0x00003f9e       0x1e d:/documents/embedded systems/tooling/toolchains/avr/bin/../lib/gcc/avr/7.3.0/avr5\libgcc.a(_umulhisi3.o)
                0x00003f9e                __umulhisi3
 .text.libgcc.div
                0x00003fbc        0x0 d:/documents/embedded systems/tooling/toolchains/avr/bin/../lib/gcc/avr/7.3.0/avr5\libgcc.a(_umulhisi3.o)
 .text.libgcc   0x00003fbc        0x0 d:/documents/embedded systems/tooling/toolchains/avr/bin/../lib/gcc/avr/7.3.0/avr5\libgcc.a(_umulhisi3.o)
 .text.libgcc.prologue
                0x00003fbc        0x0 d:/documents/embedded systems/tooling/toolchains/avr/bin/../lib/gcc/avr/7.3.0/avr5\libgcc.a(_umulhisi3.o)
 .text.libgcc.builtins
                0x00003fbc        0x0 d:/documents/embedded systems/tooling/toolchains/avr/bin/../lib/gcc/avr/7.3.0/avr5\libgcc.a(_umulhisi3.o)
 .text.libgcc.fmul
                0x00003fbc        0x0 d:/documents/embedded systems/tooling/toolchains/avr/bin/../lib/gcc/avr/7.3.0/avr5\libgcc.a(_umulhisi3.o)
 .text.libgcc.fixed
                0x00003fbc        0x0 d:/documents/embedded systems/tooling/toolchains/avr/bin/../lib/gcc/avr/7.3.0/avr5\libgcc.a(_umulhisi3.o)
 .text.avr-libc
                0x00003fbc       0x12 d:/documents/embedded systems/tooling/toolchains/avr/bin/../lib/gcc/avr/7.3.0/../../../../avr/lib/avr5\libc.a(memcpy.o)
                0x00003fbc                memcpy
                0x00003fce                . = ALIGN (0x2)
 *(.fini9)
 .fini9         0x00003fce        0x0 d:/documents/embedded systems/tooling/toolchains/avr/bin/../lib/gcc/avr/7.3.0/avr5\libgcc.a(_exit.o)
                0x00003fce                _exit
                0x00003fce                exit
 *(.fini9)
 *(.fini8)
 *(.fini8)
 *(.fini7)
 *(.fini7)
 *(.fini6)
 *(.fini6)
 *(.fini5)
 *(.fini5)
 *(.fini4)
 *(.fini4)
 *(.fini3)
 *(.fini3)
 *(.fini2)
 *(.fini2)
 *(.fini1)
 *(.fini1)
 *(.fini0)
 .fini0         0x00003fce        0x4 d:/documents/embedded systems/tooling/toolchains/avr/bin/../lib/gcc/avr/7.3.0/avr5\libgcc.a(_exit.o)
 *(.fini0)
                0x00003fd2                _etext = .

.data           0x00800060       0x46 load address 0x00003fd2
                0x00800060                PROVIDE (__data_start, .)
 *(.data)
 .data          0x00800060        0x0 d:/documents/embedded systems/tooling/toolchains/avr/bin/../lib/gcc/avr/7.3.0/../../../../avr/lib/avr5/crtatmega32.o
 .data          0x00800060        0x0 main.o
 .data          0x00800060        0x0 MDIO_program.o
 .data          0x00800060        0x0 MEXTI_program.o
 .data          0x00800060        0x0 MADC_program.o
 .data          0x00800060        0x0 MTIMER_program.o
 .data          0x00800060        0x0 MUART_program.o
 .data          0x00800060        0x0 MSPI_program.o
 .data          0x00800060        0x0 MTWI_program.o
 .data          0x00800060        0x0 HLED_program.o
 .data          0x00800060        0x0 HPBUTT_program.o
 .data          0x00800060        0x0 HSEV_SEG_program.o
 .data          0x00800060        0x0 HLCD_program.o
 .data          0x00800060        0x0 HKPD_program.o
 .data          0x00800060        0x0 HEEP_program.o
 .data          0x00800060        0x0 STTS_program.o
 .data          0x00800060        0x0 croutine.o
 .data          0x00800060        0x0 event_groups.o
 .data          0x00800060        0x0 heap_1.o
 .data          0x00800060        0x0 list.o
 .data          0x00800060        0x0 queue.o
 .data          0x00800060        0x0 stream_buffer.o
 .data          0x00800060        0x1 tasks.o
                0x00800060                uxTopUsedPriority
 .data          0x00800061        0x0 timers.o
 .data          0x00800061        0x0 port.o
 .data          0x00800061        0x0 d:/documents/embedded systems/tooling/toolchains/avr/bin/../lib/gcc/avr/7.3.0/avr5\libgcc.a(_udivmodsi4.o)
 .data          0x00800061        0x0 d:/documents/embedded systems/tooling/toolchains/avr/bin/../lib/gcc/avr/7.3.0/avr5\libgcc.a(_exit.o)
 .data          0x00800061        0x0 d:/documents/embedded systems/tooling/toolchains/avr/bin/../lib/gcc/avr/7.3.0/avr5\libgcc.a(_copy_data.o)
 .data          0x00800061        0x0 d:/documents/embedded systems/tooling/toolchains/avr/bin/../lib/gcc/avr/7.3.0/avr5\libgcc.a(_clear_bss.o)
 .data          0x00800061        0x0 d:/documents/embedded systems/tooling/toolchains/avr/bin/../lib/gcc/avr/7.3.0/avr5\libgcc.a(_umulhisi3.o)
 .data          0x00800061        0x0 d:/documents/embedded systems/tooling/toolchains/avr/bin/../lib/gcc/avr/7.3.0/../../../../avr/lib/avr5\libc.a(memcpy.o)
 *(.data*)
 *(.gnu.linkonce.d*)
 *(.rodata)
 .rodata        0x00800061       0x18 MDIO_program.o
 .rodata        0x00800079       0x10 HKPD_program.o
 *(.rodata*)
 .rodata.str1.1
                0x00800089       0x17 main.o
 .rodata.str1.1
                0x008000a0        0x5 tasks.o
 *(.gnu.linkonce.r*)
                0x008000a6                . = ALIGN (0x2)
 *fill*         0x008000a5        0x1 
                0x008000a6                _edata = .
                0x008000a6                PROVIDE (__data_end, .)

.bss            0x008000a6      0x678
                0x008000a6                PROVIDE (__bss_start, .)
 *(.bss)
 .bss           0x008000a6        0x0 d:/documents/embedded systems/tooling/toolchains/avr/bin/../lib/gcc/avr/7.3.0/../../../../avr/lib/avr5/crtatmega32.o
 .bss           0x008000a6        0x0 main.o
 .bss           0x008000a6        0x0 MDIO_program.o
 .bss           0x008000a6        0x6 MEXTI_program.o
 .bss           0x008000ac        0x0 MADC_program.o
 .bss           0x008000ac        0xd MTIMER_program.o
 .bss           0x008000b9        0x0 MUART_program.o
 .bss           0x008000b9        0x1 MSPI_program.o
 .bss           0x008000ba        0x0 MTWI_program.o
 .bss           0x008000ba        0x0 HLED_program.o
 .bss           0x008000ba        0x0 HPBUTT_program.o
 .bss           0x008000ba        0x0 HSEV_SEG_program.o
 .bss           0x008000ba        0x0 HLCD_program.o
 .bss           0x008000ba        0x0 HKPD_program.o
 .bss           0x008000ba        0x0 HEEP_program.o
 .bss           0x008000ba        0x5 STTS_program.o
 .bss           0x008000bf        0x0 croutine.o
 .bss           0x008000bf        0x0 event_groups.o
 .bss           0x008000bf      0x5e0 heap_1.o
 .bss           0x0080069f        0x0 list.o
 .bss           0x0080069f        0x0 queue.o
 .bss           0x0080069f        0x0 stream_buffer.o
 .bss           0x0080069f       0x7f tasks.o
                0x0080069f                pxCurrentTCB
 .bss           0x0080071e        0x0 timers.o
 .bss           0x0080071e        0x0 port.o
 .bss           0x0080071e        0x0 d:/documents/embedded systems/tooling/toolchains/avr/bin/../lib/gcc/avr/7.3.0/avr5\libgcc.a(_udivmodsi4.o)
 .bss           0x0080071e        0x0 d:/documents/embedded systems/tooling/toolchains/avr/bin/../lib/gcc/avr/7.3.0/avr5\libgcc.a(_exit.o)
 .bss           0x0080071e        0x0 d:/documents/embedded systems/tooling/toolchains/avr/bin/../lib/gcc/avr/7.3.0/avr5\libgcc.a(_copy_data.o)
 .bss           0x0080071e        0x0 d:/documents/embedded systems/tooling/toolchains/avr/bin/../lib/gcc/avr/7.3.0/avr5\libgcc.a(_clear_bss.o)
 .bss           0x0080071e        0x0 d:/documents/embedded systems/tooling/toolchains/avr/bin/../lib/gcc/avr/7.3.0/avr5\libgcc.a(_umulhisi3.o)
 .bss           0x0080071e        0x0 d:/documents/embedded systems/tooling/toolchains/avr/bin/../lib/gcc/avr/7.3.0/../../../../avr/lib/avr5\libc.a(memcpy.o)
 *(.bss*)
 *(COMMON)
                0x0080071e                PROVIDE (__bss_end, .)
                0x00003fd2                __data_load_start = LOADADDR (.data)
                0x00004018                __data_load_end = (__data_load_start + SIZEOF (.data))

.noinit         0x0080071e        0x0
                [!provide]                PROVIDE (__noinit_start, .)
 *(.noinit*)
                [!provide]                PROVIDE (__noinit_end, .)
                0x0080071e                _end = .
                [!provide]                PROVIDE (__heap_start, .)

.eeprom         0x00810000        0x0
 *(.eeprom*)
                0x00810000                __eeprom_end = .

.fuse
 *(.fuse)
 *(.lfuse)
 *(.hfuse)
 *(.efuse)

.lock
 *(.lock*)

.signature
 *(.signature*)

.user_signatures
 *(.user_signatures*)

.stab
 *(.stab)

.stabstr
 *(.stabstr)

.stab.excl
 *(.stab.excl)

.stab.exclstr
 *(.stab.exclstr)

.stab.index
 *(.stab.index)

.stab.indexstr
 *(.stab.indexstr)

.comment        0x00000000       0x11
 *(.comment)
 .comment       0x00000000       0x11 main.o
                                 0x12 (size before relaxing)
 .comment       0x00000011       0x12 MDIO_program.o
 .comment       0x00000011       0x12 MEXTI_program.o
 .comment       0x00000011       0x12 MADC_program.o
 .comment       0x00000011       0x12 MTIMER_program.o
 .comment       0x00000011       0x12 MUART_program.o
 .comment       0x00000011       0x12 MSPI_program.o
 .comment       0x00000011       0x12 MTWI_program.o
 .comment       0x00000011       0x12 HLED_program.o
 .comment       0x00000011       0x12 HPBUTT_program.o
 .comment       0x00000011       0x12 HSEV_SEG_program.o
 .comment       0x00000011       0x12 HLCD_program.o
 .comment       0x00000011       0x12 HKPD_program.o
 .comment       0x00000011       0x12 HEEP_program.o
 .comment       0x00000011       0x12 STTS_program.o
 .comment       0x00000011       0x12 croutine.o
 .comment       0x00000011       0x12 event_groups.o
 .comment       0x00000011       0x12 heap_1.o
 .comment       0x00000011       0x12 list.o
 .comment       0x00000011       0x12 queue.o
 .comment       0x00000011       0x12 stream_buffer.o
 .comment       0x00000011       0x12 tasks.o
 .comment       0x00000011       0x12 timers.o
 .comment       0x00000011       0x12 port.o

.note.gnu.avr.deviceinfo
                0x00000000       0x3c
 .note.gnu.avr.deviceinfo
                0x00000000       0x3c d:/documents/embedded systems/tooling/toolchains/avr/bin/../lib/gcc/avr/7.3.0/../../../../avr/lib/avr5/crtatmega32.o

.note.gnu.build-id
 *(.note.gnu.build-id)

.debug
 *(.debug)

.line
 *(.line)

.debug_srcinfo
 *(.debug_srcinfo)

.debug_sfnames
 *(.debug_sfnames)

.debug_aranges  0x00000000       0xa0
 *(.debug_aranges)
 .debug_aranges
                0x00000000       0x20 d:/documents/embedded systems/tooling/toolchains/avr/bin/../lib/gcc/avr/7.3.0/avr5\libgcc.a(_udivmodsi4.o)
 .debug_aranges
                0x00000020       0x20 d:/documents/embedded systems/tooling/toolchains/avr/bin/../lib/gcc/avr/7.3.0/avr5\libgcc.a(_exit.o)
 .debug_aranges
                0x00000040       0x20 d:/documents/embedded systems/tooling/toolchains/avr/bin/../lib/gcc/avr/7.3.0/avr5\libgcc.a(_copy_data.o)
 .debug_aranges
                0x00000060       0x20 d:/documents/embedded systems/tooling/toolchains/avr/bin/../lib/gcc/avr/7.3.0/avr5\libgcc.a(_clear_bss.o)
 .debug_aranges
                0x00000080       0x20 d:/documents/embedded systems/tooling/toolchains/avr/bin/../lib/gcc/avr/7.3.0/avr5\libgcc.a(_umulhisi3.o)

.debug_pubnames
 *(.debug_pubnames)

.debug_info     0x00000000      0x88d
 *(.debug_info .gnu.linkonce.wi.*)
 .debug_info    0x00000000      0x4e6 d:/documents/embedded systems/tooling/toolchains/avr/bin/../lib/gcc/avr/7.3.0/../../../../avr/lib/avr5/crtatmega32.o
 .debug_info    0x000004e6       0xbb d:/documents/embedded systems/tooling/toolchains/avr/bin/../lib/gcc/avr/7.3.0/avr5\libgcc.a(_udivmodsi4.o)
 .debug_info    0x000005a1       0xbb d:/documents/embedded systems/tooling/toolchains/avr/bin/../lib/gcc/avr/7.3.0/avr5\libgcc.a(_exit.o)
 .debug_info    0x0000065c       0xbb d:/documents/embedded systems/tooling/toolchains/avr/bin/../lib/gcc/avr/7.3.0/avr5\libgcc.a(_copy_data.o)
 .debug_info    0x00000717       0xbb d:/documents/embedded systems/tooling/toolchains/avr/bin/../lib/gcc/avr/7.3.0/avr5\libgcc.a(_clear_bss.o)
 .debug_info    0x000007d2       0xbb d:/documents/embedded systems/tooling/toolchains/avr/bin/../lib/gcc/avr/7.3.0/avr5\libgcc.a(_umulhisi3.o)

.debug_abbrev   0x00000000      0x507
 *(.debug_abbrev)
 .debug_abbrev  0x00000000      0x4a3 d:/documents/embedded systems/tooling/toolchains/avr/bin/../lib/gcc/avr/7.3.0/../../../../avr/lib/avr5/crtatmega32.o
 .debug_abbrev  0x000004a3       0x14 d:/documents/embedded systems/tooling/toolchains/avr/bin/../lib/gcc/avr/7.3.0/avr5\libgcc.a(_udivmodsi4.o)
 .debug_abbrev  0x000004b7       0x14 d:/documents/embedded systems/tooling/toolchains/avr/bin/../lib/gcc/avr/7.3.0/avr5\libgcc.a(_exit.o)
 .debug_abbrev  0x000004cb       0x14 d:/documents/embedded systems/tooling/toolchains/avr/bin/../lib/gcc/avr/7.3.0/avr5\libgcc.a(_copy_data.o)
 .debug_abbrev  0x000004df       0x14 d:/documents/embedded systems/tooling/toolchains/avr/bin/../lib/gcc/avr/7.3.0/avr5\libgcc.a(_clear_bss.o)
 .debug_abbrev  0x000004f3       0x14 d:/documents/embedded systems/tooling/toolchains/avr/bin/../lib/gcc/avr/7.3.0/avr5\libgcc.a(_umulhisi3.o)

.debug_line     0x00000000      0x36c
 *(.debug_line .debug_line.* .debug_line_end)
 .debug_line    0x00000000       0x1a d:/documents/embedded systems/tooling/toolchains/avr/bin/../lib/gcc/avr/7.3.0/../../../../avr/lib/avr5/crtatmega32.o
 .debug_line    0x0000001a      0x122 d:/documents/embedded systems/tooling/toolchains/avr/bin/../lib/gcc/avr/7.3.0/avr5\libgcc.a(_udivmodsi4.o)
 .debug_line    0x0000013c       0x62 d:/documents/embedded systems/tooling/toolchains/avr/bin/../lib/gcc/avr/7.3.0/avr5\libgcc.a(_exit.o)
 .debug_line    0x0000019e       0x98 d:/documents/embedded systems/tooling/toolchains/avr/bin/../lib/gcc/avr/7.3.0/avr5\libgcc.a(_copy_data.o)
 .debug_line    0x00000236       0x86 d:/documents/embedded systems/tooling/toolchains/avr/bin/../lib/gcc/avr/7.3.0/avr5\libgcc.a(_clear_bss.o)
 .debug_line    0x000002bc       0xb0 d:/documents/embedded systems/tooling/toolchains/avr/bin/../lib/gcc/avr/7.3.0/avr5\libgcc.a(_umulhisi3.o)

.debug_frame
 *(.debug_frame)

.debug_str      0x00000000      0x196
 *(.debug_str)
 .debug_str     0x00000000      0x196 d:/documents/embedded systems/tooling/toolchains/avr/bin/../lib/gcc/avr/7.3.0/../../../../avr/lib/avr5/crtatmega32.o

.debug_loc
 *(.debug_loc)

.debug_macinfo
 *(.debug_macinfo)

.debug_weaknames
 *(.debug_weaknames)

.debug_funcnames
 *(.debug_funcnames)

.debug_typenames
 *(.debug_typenames)

.debug_varnames
 *(.debug_varnames)

.debug_pubtypes
 *(.debug_pubtypes)

.debug_ranges
 *(.debug_ranges)

.debug_macro
 *(.debug_macro)
OUTPUT(main.elf elf32-avr)
LOAD linker stubs
