Archive member included to satisfy reference by file (symbol)

c:/users/aelnaqee/documents/projects/toolchains/avr/bin/../lib/gcc/avr/7.3.0/avr5\libgcc.a(_udivmodsi4.o)
                              MTIMER_program.o (__udivmodsi4)
c:/users/aelnaqee/documents/projects/toolchains/avr/bin/../lib/gcc/avr/7.3.0/avr5\libgcc.a(_exit.o)
                              c:/users/aelnaqee/documents/projects/toolchains/avr/bin/../lib/gcc/avr/7.3.0/../../../../avr/lib/avr5/crtatmega32.o (exit)
c:/users/aelnaqee/documents/projects/toolchains/avr/bin/../lib/gcc/avr/7.3.0/avr5\libgcc.a(_copy_data.o)
                              main.o (__do_copy_data)
c:/users/aelnaqee/documents/projects/toolchains/avr/bin/../lib/gcc/avr/7.3.0/avr5\libgcc.a(_clear_bss.o)
                              main.o (__do_clear_bss)
c:/users/aelnaqee/documents/projects/toolchains/avr/bin/../lib/gcc/avr/7.3.0/avr5\libgcc.a(_umulhisi3.o)
                              MTIMER_program.o (__umulhisi3)
c:/users/aelnaqee/documents/projects/toolchains/avr/bin/../lib/gcc/avr/7.3.0/../../../../avr/lib/avr5\libc.a(memcpy.o)
                              queue.o (memcpy)

Allocating common symbols
Common symbol       size              file

xEventGroupBits     0x4               main.o
xEventGroup_handler
                    0x2               main.o

Memory Configuration

Name             Origin             Length             Attributes
text             0x00000000         0x00020000         xr
data             0x00800060         0x0000ffa0         rw !x
eeprom           0x00810000         0x00010000         rw !x
fuse             0x00820000         0x00000002         rw !x
lock             0x00830000         0x00000400         rw !x
signature        0x00840000         0x00000400         rw !x
user_signatures  0x00850000         0x00000400         rw !x
*default*        0x00000000         0xffffffff

Linker script and memory map

LOAD c:/users/aelnaqee/documents/projects/toolchains/avr/bin/../lib/gcc/avr/7.3.0/../../../../avr/lib/avr5/crtatmega32.o
LOAD main.o
LOAD MDIO_program.o
LOAD MEXTI_program.o
LOAD MADC_program.o
LOAD MTIMER_program.o
LOAD MUART_program.o
LOAD MSPI_program.o
LOAD MTWI_program.o
LOAD HLED_program.o
LOAD HPBUTT_program.o
LOAD HSEV_SEG_program.o
LOAD HLCD_program.o
LOAD HKPD_program.o
LOAD HEEP_program.o
LOAD STTS_program.o
LOAD croutine.o
LOAD event_groups.o
LOAD heap_1.o
LOAD list.o
LOAD queue.o
LOAD stream_buffer.o
LOAD tasks.o
LOAD timers.o
LOAD port.o
START GROUP
LOAD c:/users/aelnaqee/documents/projects/toolchains/avr/bin/../lib/gcc/avr/7.3.0/avr5\libgcc.a
LOAD c:/users/aelnaqee/documents/projects/toolchains/avr/bin/../lib/gcc/avr/7.3.0/../../../../avr/lib/avr5\libm.a
LOAD c:/users/aelnaqee/documents/projects/toolchains/avr/bin/../lib/gcc/avr/7.3.0/../../../../avr/lib/avr5\libc.a
LOAD c:/users/aelnaqee/documents/projects/toolchains/avr/bin/../lib/gcc/avr/7.3.0/../../../../avr/lib/avr5\libatmega32.a
END GROUP
                0x00020000                __TEXT_REGION_LENGTH__ = DEFINED (__TEXT_REGION_LENGTH__)?__TEXT_REGION_LENGTH__:0x20000
                0x0000ffa0                __DATA_REGION_LENGTH__ = DEFINED (__DATA_REGION_LENGTH__)?__DATA_REGION_LENGTH__:0xffa0
                0x00010000                __EEPROM_REGION_LENGTH__ = DEFINED (__EEPROM_REGION_LENGTH__)?__EEPROM_REGION_LENGTH__:0x10000
                [0x00000002]                __FUSE_REGION_LENGTH__ = DEFINED (__FUSE_REGION_LENGTH__)?__FUSE_REGION_LENGTH__:0x400
                0x00000400                __LOCK_REGION_LENGTH__ = DEFINED (__LOCK_REGION_LENGTH__)?__LOCK_REGION_LENGTH__:0x400
                0x00000400                __SIGNATURE_REGION_LENGTH__ = DEFINED (__SIGNATURE_REGION_LENGTH__)?__SIGNATURE_REGION_LENGTH__:0x400
                0x00000400                __USER_SIGNATURE_REGION_LENGTH__ = DEFINED (__USER_SIGNATURE_REGION_LENGTH__)?__USER_SIGNATURE_REGION_LENGTH__:0x400
                0x00800060                __DATA_REGION_ORIGIN__ = DEFINED (__DATA_REGION_ORIGIN__)?__DATA_REGION_ORIGIN__:0x800060

.hash
 *(.hash)

.dynsym
 *(.dynsym)

.dynstr
 *(.dynstr)

.gnu.version
 *(.gnu.version)

.gnu.version_d
 *(.gnu.version_d)

.gnu.version_r
 *(.gnu.version_r)

.rel.init
 *(.rel.init)

.rela.init
 *(.rela.init)

.rel.text
 *(.rel.text)
 *(.rel.text.*)
 *(.rel.gnu.linkonce.t*)

.rela.text
 *(.rela.text)
 *(.rela.text.*)
 *(.rela.gnu.linkonce.t*)

.rel.fini
 *(.rel.fini)

.rela.fini
 *(.rela.fini)

.rel.rodata
 *(.rel.rodata)
 *(.rel.rodata.*)
 *(.rel.gnu.linkonce.r*)

.rela.rodata
 *(.rela.rodata)
 *(.rela.rodata.*)
 *(.rela.gnu.linkonce.r*)

.rel.data
 *(.rel.data)
 *(.rel.data.*)
 *(.rel.gnu.linkonce.d*)

.rela.data
 *(.rela.data)
 *(.rela.data.*)
 *(.rela.gnu.linkonce.d*)

.rel.ctors
 *(.rel.ctors)

.rela.ctors
 *(.rela.ctors)

.rel.dtors
 *(.rel.dtors)

.rela.dtors
 *(.rela.dtors)

.rel.got
 *(.rel.got)

.rela.got
 *(.rela.got)

.rel.bss
 *(.rel.bss)

.rela.bss
 *(.rela.bss)

.rel.plt
 *(.rel.plt)

.rela.plt
 *(.rela.plt)

.text           0x00000000     0x439a
 *(.vectors)
 .vectors       0x00000000       0x54 c:/users/aelnaqee/documents/projects/toolchains/avr/bin/../lib/gcc/avr/7.3.0/../../../../avr/lib/avr5/crtatmega32.o
                0x00000000                __vector_default
                0x00000000                __vectors
 *(.vectors)
 *(.progmem.gcc*)
                0x00000054                . = ALIGN (0x2)
                0x00000054                __trampolines_start = .
 *(.trampolines)
 .trampolines   0x00000054        0x0 linker stubs
 *(.trampolines*)
                0x00000054                __trampolines_end = .
 *libprintf_flt.a:*(.progmem.data)
 *libc.a:*(.progmem.data)
 *(.progmem*)
                0x00000054                . = ALIGN (0x2)
 *(.jumptables)
 *(.jumptables*)
 *(.lowtext)
 *(.lowtext*)
                0x00000054                __ctors_start = .
 *(.ctors)
                0x00000054                __ctors_end = .
                0x00000054                __dtors_start = .
 *(.dtors)
                0x00000054                __dtors_end = .
 SORT(*)(.ctors)
 SORT(*)(.dtors)
 *(.init0)
 .init0         0x00000054        0x0 c:/users/aelnaqee/documents/projects/toolchains/avr/bin/../lib/gcc/avr/7.3.0/../../../../avr/lib/avr5/crtatmega32.o
                0x00000054                __init
 *(.init0)
 *(.init1)
 *(.init1)
 *(.init2)
 .init2         0x00000054        0xc c:/users/aelnaqee/documents/projects/toolchains/avr/bin/../lib/gcc/avr/7.3.0/../../../../avr/lib/avr5/crtatmega32.o
 *(.init2)
 *(.init3)
 *(.init3)
 *(.init4)
 .init4         0x00000060       0x16 c:/users/aelnaqee/documents/projects/toolchains/avr/bin/../lib/gcc/avr/7.3.0/avr5\libgcc.a(_copy_data.o)
                0x00000060                __do_copy_data
 .init4         0x00000076       0x10 c:/users/aelnaqee/documents/projects/toolchains/avr/bin/../lib/gcc/avr/7.3.0/avr5\libgcc.a(_clear_bss.o)
                0x00000076                __do_clear_bss
 *(.init4)
 *(.init5)
 *(.init5)
 *(.init6)
 *(.init6)
 *(.init7)
 *(.init7)
 *(.init8)
 *(.init8)
 *(.init9)
 .init9         0x00000086        0x8 c:/users/aelnaqee/documents/projects/toolchains/avr/bin/../lib/gcc/avr/7.3.0/../../../../avr/lib/avr5/crtatmega32.o
 *(.init9)
 *(.text)
 .text          0x0000008e        0x4 c:/users/aelnaqee/documents/projects/toolchains/avr/bin/../lib/gcc/avr/7.3.0/../../../../avr/lib/avr5/crtatmega32.o
                0x0000008e                __vector_12
                0x0000008e                __bad_interrupt
                0x0000008e                __vector_6
                0x0000008e                __vector_11
                0x0000008e                __vector_13
                0x0000008e                __vector_17
                0x0000008e                __vector_19
                0x0000008e                __vector_5
                0x0000008e                __vector_4
                0x0000008e                __vector_9
                0x0000008e                __vector_15
                0x0000008e                __vector_8
                0x0000008e                __vector_14
                0x0000008e                __vector_16
                0x0000008e                __vector_18
                0x0000008e                __vector_20
 .text          0x00000092      0x122 main.o
                0x00000092                taskInit
                0x000000cc                pbTask
                0x0000013e                ledTask
 .text          0x000001b4       0xe6 MDIO_program.o
                0x000001b4                mdio_setPinStatus
                0x0000021c                mdio_setPinValue
                0x0000025a                mdio_togglePinValue
                0x00000274                mdio_getPinValue
 .text          0x0000029a      0x194 MEXTI_program.o
                0x0000029a                mexti_enableExternalInterrupt
                0x000002ba                mexti_disableExternalInterrupt
                0x000002da                mexti_attachISR
                0x00000338                __vector_1
                0x0000038a                __vector_2
                0x000003dc                __vector_3
 .text          0x0000042e       0x44 MADC_program.o
                0x0000042e                madc_init
                0x00000448                madc_singleConversion
 .text          0x00000472      0x2a0 MTIMER_program.o
                0x00000494                mtimer_init
                0x000004be                mtimer_delayMs_synchronous
                0x0000050a                mtimer_delayMs_asynchronous
                0x0000054a                mtimer_runPWM_signal
                0x00000552                mtimer_startPWM_signal
                0x00000564                mtimer_stopPWM_signal
                0x00000582                mtimer_getSignal_duty_and_freq
                0x00000662                __vector_10
 .text          0x00000712       0x44 MUART_program.o
                0x00000712                muart_init
                0x00000722                muart_sendByte
                0x00000730                muart_recvByte
                0x0000073c                muart_sendStream
 .text          0x00000756       0x56 MSPI_program.o
                0x00000756                mspi_init
                0x00000780                mspi_masterSendRecv_byte
                0x0000078e                mspi_slaveSendRecv_byte
 .text          0x000007ac       0x6c MTWI_program.o
                0x000007ac                mtwi_init
                0x000007b4                mtwi_start
                0x000007da                mtwi_stop
                0x000007e6                mtwi_masterSend
                0x000007f4                mtwi_masterRecv_ACK
                0x00000806                mtwi_masterRecv_NACK
 .text          0x00000818       0x8a HLED_program.o
                0x00000818                hled_init
                0x0000083c                hled_ledValueON
                0x00000860                hled_ledValueOFF
                0x00000884                hled_toggleLedValue
 .text          0x000008a2       0x44 HPBUTT_program.o
                0x000008a2                hpbutt_init
                0x000008c6                hpbutt_getStatus
 .text          0x000008e6       0xc4 HSEV_SEG_program.o
                0x000008e6                hsev_seg_init
                0x00000930                hsev_seg_enable
                0x0000094a                hsev_seg_disable
                0x00000964                hsev_seg_displayNumber
 .text          0x000009aa      0x27a HLCD_program.o
                0x00000b3e                hlcd_init
                0x00000c00                hlcd_displayCharacter
                0x00000c04                hlcd_displayString
                0x00000c1c                hlcd_displayPosition
 .text          0x00000c24      0x108 HKPD_program.o
                0x00000c24                hkpd_init
                0x00000c42                hkpd_getPressedButton
 .text          0x00000d2c      0x15a HEEP_program.o
                0x00000d2c                heeprom_init
                0x00000d30                heeprom_writeByte
                0x00000d6c                heeprom_writeDataStream
                0x00000dc2                heeprom_readByte
                0x00000e12                heeprom_readDataStream
 .text          0x00000e86       0x44 STTS_program.o
                0x00000e86                stts_init
                0x00000e98                stts_run
                0x00000eba                stts_addTask
 .text          0x00000eca        0x0 croutine.o
 .text          0x00000eca      0x484 event_groups.o
                0x00000eca                xEventGroupCreate
                0x00000ef4                xEventGroupWaitBits
                0x00001054                xEventGroupClearBits
                0x0000108e                xEventGroupGetBitsFromISR
                0x0000109a                xEventGroupSetBits
                0x00001198                xEventGroupSync
                0x00001316                vEventGroupDelete
                0x00001346                vEventGroupSetBitsCallback
                0x0000134a                vEventGroupClearBitsCallback
 .text          0x0000134e       0x8e heap_1.o
                0x0000134e                pvPortMalloc
                0x000013be                vPortFree
                0x000013c0                vPortInitialiseBlocks
                0x000013ca                xPortGetFreeHeapSize
 .text          0x000013dc      0x138 list.o
                0x000013dc                vListInitialise
                0x000013fe                vListInitialiseItem
                0x00001406                vListInsertEnd
                0x00001446                vListInsert
                0x000014cc                uxListRemove
 .text          0x00001514      0x888 queue.o
                0x0000166e                xQueueGenericReset
                0x000016fa                xQueueGenericCreate
                0x0000174a                xQueueGenericSend
                0x00001888                xQueueGenericSendFromISR
                0x000018e8                xQueueGiveFromISR
                0x00001930                xQueueReceive
                0x00001a6a                xQueueSemaphoreTake
                0x00001b8c                xQueuePeek
                0x00001cc6                xQueueReceiveFromISR
                0x00001d26                xQueuePeekFromISR
                0x00001d54                uxQueueMessagesWaiting
                0x00001d64                uxQueueSpacesAvailable
                0x00001d78                uxQueueMessagesWaitingFromISR
                0x00001d7e                vQueueDelete
                0x00001d82                xQueueIsQueueEmptyFromISR
                0x00001d8e                xQueueIsQueueFullFromISR
 .text          0x00001d9c      0x84c stream_buffer.o
                0x00001ff0                xStreamBufferGenericCreate
                0x00002054                vStreamBufferDelete
                0x00002068                xStreamBufferReset
                0x000020ae                xStreamBufferSetTriggerLevel
                0x000020d0                xStreamBufferSpacesAvailable
                0x00002104                xStreamBufferBytesAvailable
                0x00002108                xStreamBufferSend
                0x0000229c                xStreamBufferSendFromISR
                0x00002328                xStreamBufferReceive
                0x0000242c                xStreamBufferNextMessageLengthBytes
                0x0000247a                xStreamBufferReceiveFromISR
                0x00002504                xStreamBufferIsEmpty
                0x0000251a                xStreamBufferIsFull
                0x00002544                xStreamBufferSendCompletedFromISR
                0x00002596                xStreamBufferReceiveCompletedFromISR
 .text          0x000025e8     0x1a3a tasks.o
                0x000027d0                xTaskCreate
                0x00002a26                vTaskDelete
                0x00002ade                vTaskResume
                0x00002bac                xTaskResumeFromISR
                0x00002c84                vTaskStartScheduler
                0x00002ce8                vTaskEndScheduler
                0x00002cf2                vTaskSuspendAll
                0x00002cfe                xTaskGetTickCount
                0x00002d1a                xTaskGetTickCountFromISR
                0x00002d2c                uxTaskGetNumberOfTasks
                0x00002d32                pcTaskGetName
                0x00002d42                xTaskIncrementTick
                0x00002f8e                xTaskResumeAll
                0x00003140                xTaskDelayUntil
                0x000031f8                vTaskDelay
                0x00003234                xTaskCatchUpTicks
                0x00003278                vTaskSwitchContext
                0x00003300                vTaskSuspend
                0x000033aa                vTaskPlaceOnEventList
                0x000033d8                vTaskPlaceOnUnorderedEventList
                0x0000346c                xTaskRemoveFromEventList
                0x000035b6                vTaskRemoveFromUnorderedEventList
                0x000036c8                vTaskSetTimeOutState
                0x000036f4                vTaskInternalSetTimeOutState
                0x00003716                xTaskCheckForTimeOut
                0x000037ba                vTaskMissedYield
                0x000037c2                xTaskGetCurrentTaskHandle
                0x000037cc                uxTaskResetEventItemValue
                0x0000380e                ulTaskGenericNotifyTake
                0x00003908                xTaskGenericNotifyWait
                0x00003a58                xTaskGenericNotify
                0x00003c26                xTaskGenericNotifyFromISR
                0x00003e44                vTaskGenericNotifyGiveFromISR
                0x00003f9a                xTaskGenericNotifyStateClear
                0x00003fc6                ulTaskGenericNotifyValueClear
 .text          0x00004022        0x0 timers.o
 .text          0x00004022      0x2b4 port.o
                0x00004022                pxPortInitialiseStack
                0x000040fa                xPortStartScheduler
                0x00004164                vPortEndScheduler
                0x00004166                vPortYield
                0x00004218                vPortYieldFromTick
                0x000042d0                __vector_7
 .text          0x000042d6        0x0 c:/users/aelnaqee/documents/projects/toolchains/avr/bin/../lib/gcc/avr/7.3.0/avr5\libgcc.a(_udivmodsi4.o)
 .text          0x000042d6        0x0 c:/users/aelnaqee/documents/projects/toolchains/avr/bin/../lib/gcc/avr/7.3.0/avr5\libgcc.a(_exit.o)
 .text          0x000042d6        0x0 c:/users/aelnaqee/documents/projects/toolchains/avr/bin/../lib/gcc/avr/7.3.0/avr5\libgcc.a(_copy_data.o)
 .text          0x000042d6        0x0 c:/users/aelnaqee/documents/projects/toolchains/avr/bin/../lib/gcc/avr/7.3.0/avr5\libgcc.a(_clear_bss.o)
 .text          0x000042d6        0x0 c:/users/aelnaqee/documents/projects/toolchains/avr/bin/../lib/gcc/avr/7.3.0/avr5\libgcc.a(_umulhisi3.o)
 .text          0x000042d6        0x0 c:/users/aelnaqee/documents/projects/toolchains/avr/bin/../lib/gcc/avr/7.3.0/../../../../avr/lib/avr5\libc.a(memcpy.o)
                0x000042d6                . = ALIGN (0x2)
 *(.text.*)
 .text.startup  0x000042d6       0x4c main.o
                0x000042d6                main
 .text.libgcc.mul
                0x00004322        0x0 c:/users/aelnaqee/documents/projects/toolchains/avr/bin/../lib/gcc/avr/7.3.0/avr5\libgcc.a(_udivmodsi4.o)
 .text.libgcc.div
                0x00004322       0x44 c:/users/aelnaqee/documents/projects/toolchains/avr/bin/../lib/gcc/avr/7.3.0/avr5\libgcc.a(_udivmodsi4.o)
                0x00004322                __udivmodsi4
 .text.libgcc   0x00004366        0x0 c:/users/aelnaqee/documents/projects/toolchains/avr/bin/../lib/gcc/avr/7.3.0/avr5\libgcc.a(_udivmodsi4.o)
 .text.libgcc.prologue
                0x00004366        0x0 c:/users/aelnaqee/documents/projects/toolchains/avr/bin/../lib/gcc/avr/7.3.0/avr5\libgcc.a(_udivmodsi4.o)
 .text.libgcc.builtins
                0x00004366        0x0 c:/users/aelnaqee/documents/projects/toolchains/avr/bin/../lib/gcc/avr/7.3.0/avr5\libgcc.a(_udivmodsi4.o)
 .text.libgcc.fmul
                0x00004366        0x0 c:/users/aelnaqee/documents/projects/toolchains/avr/bin/../lib/gcc/avr/7.3.0/avr5\libgcc.a(_udivmodsi4.o)
 .text.libgcc.fixed
                0x00004366        0x0 c:/users/aelnaqee/documents/projects/toolchains/avr/bin/../lib/gcc/avr/7.3.0/avr5\libgcc.a(_udivmodsi4.o)
 .text.libgcc.mul
                0x00004366        0x0 c:/users/aelnaqee/documents/projects/toolchains/avr/bin/../lib/gcc/avr/7.3.0/avr5\libgcc.a(_exit.o)
 .text.libgcc.div
                0x00004366        0x0 c:/users/aelnaqee/documents/projects/toolchains/avr/bin/../lib/gcc/avr/7.3.0/avr5\libgcc.a(_exit.o)
 .text.libgcc   0x00004366        0x0 c:/users/aelnaqee/documents/projects/toolchains/avr/bin/../lib/gcc/avr/7.3.0/avr5\libgcc.a(_exit.o)
 .text.libgcc.prologue
                0x00004366        0x0 c:/users/aelnaqee/documents/projects/toolchains/avr/bin/../lib/gcc/avr/7.3.0/avr5\libgcc.a(_exit.o)
 .text.libgcc.builtins
                0x00004366        0x0 c:/users/aelnaqee/documents/projects/toolchains/avr/bin/../lib/gcc/avr/7.3.0/avr5\libgcc.a(_exit.o)
 .text.libgcc.fmul
                0x00004366        0x0 c:/users/aelnaqee/documents/projects/toolchains/avr/bin/../lib/gcc/avr/7.3.0/avr5\libgcc.a(_exit.o)
 .text.libgcc.fixed
                0x00004366        0x0 c:/users/aelnaqee/documents/projects/toolchains/avr/bin/../lib/gcc/avr/7.3.0/avr5\libgcc.a(_exit.o)
 .text.libgcc.mul
                0x00004366        0x0 c:/users/aelnaqee/documents/projects/toolchains/avr/bin/../lib/gcc/avr/7.3.0/avr5\libgcc.a(_copy_data.o)
 .text.libgcc.div
                0x00004366        0x0 c:/users/aelnaqee/documents/projects/toolchains/avr/bin/../lib/gcc/avr/7.3.0/avr5\libgcc.a(_copy_data.o)
 .text.libgcc   0x00004366        0x0 c:/users/aelnaqee/documents/projects/toolchains/avr/bin/../lib/gcc/avr/7.3.0/avr5\libgcc.a(_copy_data.o)
 .text.libgcc.prologue
                0x00004366        0x0 c:/users/aelnaqee/documents/projects/toolchains/avr/bin/../lib/gcc/avr/7.3.0/avr5\libgcc.a(_copy_data.o)
 .text.libgcc.builtins
                0x00004366        0x0 c:/users/aelnaqee/documents/projects/toolchains/avr/bin/../lib/gcc/avr/7.3.0/avr5\libgcc.a(_copy_data.o)
 .text.libgcc.fmul
                0x00004366        0x0 c:/users/aelnaqee/documents/projects/toolchains/avr/bin/../lib/gcc/avr/7.3.0/avr5\libgcc.a(_copy_data.o)
 .text.libgcc.fixed
                0x00004366        0x0 c:/users/aelnaqee/documents/projects/toolchains/avr/bin/../lib/gcc/avr/7.3.0/avr5\libgcc.a(_copy_data.o)
 .text.libgcc.mul
                0x00004366        0x0 c:/users/aelnaqee/documents/projects/toolchains/avr/bin/../lib/gcc/avr/7.3.0/avr5\libgcc.a(_clear_bss.o)
 .text.libgcc.div
                0x00004366        0x0 c:/users/aelnaqee/documents/projects/toolchains/avr/bin/../lib/gcc/avr/7.3.0/avr5\libgcc.a(_clear_bss.o)
 .text.libgcc   0x00004366        0x0 c:/users/aelnaqee/documents/projects/toolchains/avr/bin/../lib/gcc/avr/7.3.0/avr5\libgcc.a(_clear_bss.o)
 .text.libgcc.prologue
                0x00004366        0x0 c:/users/aelnaqee/documents/projects/toolchains/avr/bin/../lib/gcc/avr/7.3.0/avr5\libgcc.a(_clear_bss.o)
 .text.libgcc.builtins
                0x00004366        0x0 c:/users/aelnaqee/documents/projects/toolchains/avr/bin/../lib/gcc/avr/7.3.0/avr5\libgcc.a(_clear_bss.o)
 .text.libgcc.fmul
                0x00004366        0x0 c:/users/aelnaqee/documents/projects/toolchains/avr/bin/../lib/gcc/avr/7.3.0/avr5\libgcc.a(_clear_bss.o)
 .text.libgcc.fixed
                0x00004366        0x0 c:/users/aelnaqee/documents/projects/toolchains/avr/bin/../lib/gcc/avr/7.3.0/avr5\libgcc.a(_clear_bss.o)
 .text.libgcc.mul
                0x00004366       0x1e c:/users/aelnaqee/documents/projects/toolchains/avr/bin/../lib/gcc/avr/7.3.0/avr5\libgcc.a(_umulhisi3.o)
                0x00004366                __umulhisi3
 .text.libgcc.div
                0x00004384        0x0 c:/users/aelnaqee/documents/projects/toolchains/avr/bin/../lib/gcc/avr/7.3.0/avr5\libgcc.a(_umulhisi3.o)
 .text.libgcc   0x00004384        0x0 c:/users/aelnaqee/documents/projects/toolchains/avr/bin/../lib/gcc/avr/7.3.0/avr5\libgcc.a(_umulhisi3.o)
 .text.libgcc.prologue
                0x00004384        0x0 c:/users/aelnaqee/documents/projects/toolchains/avr/bin/../lib/gcc/avr/7.3.0/avr5\libgcc.a(_umulhisi3.o)
 .text.libgcc.builtins
                0x00004384        0x0 c:/users/aelnaqee/documents/projects/toolchains/avr/bin/../lib/gcc/avr/7.3.0/avr5\libgcc.a(_umulhisi3.o)
 .text.libgcc.fmul
                0x00004384        0x0 c:/users/aelnaqee/documents/projects/toolchains/avr/bin/../lib/gcc/avr/7.3.0/avr5\libgcc.a(_umulhisi3.o)
 .text.libgcc.fixed
                0x00004384        0x0 c:/users/aelnaqee/documents/projects/toolchains/avr/bin/../lib/gcc/avr/7.3.0/avr5\libgcc.a(_umulhisi3.o)
 .text.avr-libc
                0x00004384       0x12 c:/users/aelnaqee/documents/projects/toolchains/avr/bin/../lib/gcc/avr/7.3.0/../../../../avr/lib/avr5\libc.a(memcpy.o)
                0x00004384                memcpy
                0x00004396                . = ALIGN (0x2)
 *(.fini9)
 .fini9         0x00004396        0x0 c:/users/aelnaqee/documents/projects/toolchains/avr/bin/../lib/gcc/avr/7.3.0/avr5\libgcc.a(_exit.o)
                0x00004396                _exit
                0x00004396                exit
 *(.fini9)
 *(.fini8)
 *(.fini8)
 *(.fini7)
 *(.fini7)
 *(.fini6)
 *(.fini6)
 *(.fini5)
 *(.fini5)
 *(.fini4)
 *(.fini4)
 *(.fini3)
 *(.fini3)
 *(.fini2)
 *(.fini2)
 *(.fini1)
 *(.fini1)
 *(.fini0)
 .fini0         0x00004396        0x4 c:/users/aelnaqee/documents/projects/toolchains/avr/bin/../lib/gcc/avr/7.3.0/avr5\libgcc.a(_exit.o)
 *(.fini0)
                0x0000439a                _etext = .

.data           0x00800060       0x3a load address 0x0000439a
                0x00800060                PROVIDE (__data_start, .)
 *(.data)
 .data          0x00800060        0x0 c:/users/aelnaqee/documents/projects/toolchains/avr/bin/../lib/gcc/avr/7.3.0/../../../../avr/lib/avr5/crtatmega32.o
 .data          0x00800060        0x0 main.o
 .data          0x00800060        0x0 MDIO_program.o
 .data          0x00800060        0x0 MEXTI_program.o
 .data          0x00800060        0x0 MADC_program.o
 .data          0x00800060        0x0 MTIMER_program.o
 .data          0x00800060        0x0 MUART_program.o
 .data          0x00800060        0x0 MSPI_program.o
 .data          0x00800060        0x0 MTWI_program.o
 .data          0x00800060        0x0 HLED_program.o
 .data          0x00800060        0x0 HPBUTT_program.o
 .data          0x00800060        0x0 HSEV_SEG_program.o
 .data          0x00800060        0x0 HLCD_program.o
 .data          0x00800060        0x0 HKPD_program.o
 .data          0x00800060        0x0 HEEP_program.o
 .data          0x00800060        0x0 STTS_program.o
 .data          0x00800060        0x0 croutine.o
 .data          0x00800060        0x0 event_groups.o
 .data          0x00800060        0x0 heap_1.o
 .data          0x00800060        0x0 list.o
 .data          0x00800060        0x0 queue.o
 .data          0x00800060        0x0 stream_buffer.o
 .data          0x00800060        0x1 tasks.o
                0x00800060                uxTopUsedPriority
 .data          0x00800061        0x0 timers.o
 .data          0x00800061        0x0 port.o
 .data          0x00800061        0x0 c:/users/aelnaqee/documents/projects/toolchains/avr/bin/../lib/gcc/avr/7.3.0/avr5\libgcc.a(_udivmodsi4.o)
 .data          0x00800061        0x0 c:/users/aelnaqee/documents/projects/toolchains/avr/bin/../lib/gcc/avr/7.3.0/avr5\libgcc.a(_exit.o)
 .data          0x00800061        0x0 c:/users/aelnaqee/documents/projects/toolchains/avr/bin/../lib/gcc/avr/7.3.0/avr5\libgcc.a(_copy_data.o)
 .data          0x00800061        0x0 c:/users/aelnaqee/documents/projects/toolchains/avr/bin/../lib/gcc/avr/7.3.0/avr5\libgcc.a(_clear_bss.o)
 .data          0x00800061        0x0 c:/users/aelnaqee/documents/projects/toolchains/avr/bin/../lib/gcc/avr/7.3.0/avr5\libgcc.a(_umulhisi3.o)
 .data          0x00800061        0x0 c:/users/aelnaqee/documents/projects/toolchains/avr/bin/../lib/gcc/avr/7.3.0/../../../../avr/lib/avr5\libc.a(memcpy.o)
 *(.data*)
 *(.gnu.linkonce.d*)
 *(.rodata)
 .rodata        0x00800061       0x18 MDIO_program.o
 .rodata        0x00800079       0x10 HKPD_program.o
 *(.rodata*)
 .rodata.str1.1
                0x00800089        0xb main.o
 .rodata.str1.1
                0x00800094        0x5 tasks.o
 *(.gnu.linkonce.r*)
                0x0080009a                . = ALIGN (0x2)
 *fill*         0x00800099        0x1 
                0x0080009a                _edata = .
                0x0080009a                PROVIDE (__data_end, .)

.bss            0x0080009a      0x689
                0x0080009a                PROVIDE (__bss_start, .)
 *(.bss)
 .bss           0x0080009a        0x0 c:/users/aelnaqee/documents/projects/toolchains/avr/bin/../lib/gcc/avr/7.3.0/../../../../avr/lib/avr5/crtatmega32.o
 .bss           0x0080009a        0x0 main.o
 .bss           0x0080009a        0x0 MDIO_program.o
 .bss           0x0080009a        0x6 MEXTI_program.o
 .bss           0x008000a0        0x0 MADC_program.o
 .bss           0x008000a0        0xd MTIMER_program.o
 .bss           0x008000ad        0x0 MUART_program.o
 .bss           0x008000ad        0x1 MSPI_program.o
 .bss           0x008000ae        0x0 MTWI_program.o
 .bss           0x008000ae        0x0 HLED_program.o
 .bss           0x008000ae        0x0 HPBUTT_program.o
 .bss           0x008000ae        0x0 HSEV_SEG_program.o
 .bss           0x008000ae        0x0 HLCD_program.o
 .bss           0x008000ae        0x0 HKPD_program.o
 .bss           0x008000ae        0x0 HEEP_program.o
 .bss           0x008000ae        0x5 STTS_program.o
 .bss           0x008000b3        0x0 croutine.o
 .bss           0x008000b3        0x0 event_groups.o
 .bss           0x008000b3      0x5e0 heap_1.o
 .bss           0x00800693        0x0 list.o
 .bss           0x00800693        0x0 queue.o
 .bss           0x00800693        0x0 stream_buffer.o
 .bss           0x00800693       0x8a tasks.o
                0x00800693                pxCurrentTCB
 .bss           0x0080071d        0x0 timers.o
 .bss           0x0080071d        0x0 port.o
 .bss           0x0080071d        0x0 c:/users/aelnaqee/documents/projects/toolchains/avr/bin/../lib/gcc/avr/7.3.0/avr5\libgcc.a(_udivmodsi4.o)
 .bss           0x0080071d        0x0 c:/users/aelnaqee/documents/projects/toolchains/avr/bin/../lib/gcc/avr/7.3.0/avr5\libgcc.a(_exit.o)
 .bss           0x0080071d        0x0 c:/users/aelnaqee/documents/projects/toolchains/avr/bin/../lib/gcc/avr/7.3.0/avr5\libgcc.a(_copy_data.o)
 .bss           0x0080071d        0x0 c:/users/aelnaqee/documents/projects/toolchains/avr/bin/../lib/gcc/avr/7.3.0/avr5\libgcc.a(_clear_bss.o)
 .bss           0x0080071d        0x0 c:/users/aelnaqee/documents/projects/toolchains/avr/bin/../lib/gcc/avr/7.3.0/avr5\libgcc.a(_umulhisi3.o)
 .bss           0x0080071d        0x0 c:/users/aelnaqee/documents/projects/toolchains/avr/bin/../lib/gcc/avr/7.3.0/../../../../avr/lib/avr5\libc.a(memcpy.o)
 *(.bss*)
 *(COMMON)
 COMMON         0x0080071d        0x6 main.o
                0x0080071d                xEventGroupBits
                0x00800721                xEventGroup_handler
                0x00800723                PROVIDE (__bss_end, .)
                0x0000439a                __data_load_start = LOADADDR (.data)
                0x000043d4                __data_load_end = (__data_load_start + SIZEOF (.data))

.noinit         0x00800723        0x0
                [!provide]                PROVIDE (__noinit_start, .)
 *(.noinit*)
                [!provide]                PROVIDE (__noinit_end, .)
                0x00800723                _end = .
                [!provide]                PROVIDE (__heap_start, .)

.eeprom         0x00810000        0x0
 *(.eeprom*)
                0x00810000                __eeprom_end = .

.fuse
 *(.fuse)
 *(.lfuse)
 *(.hfuse)
 *(.efuse)

.lock
 *(.lock*)

.signature
 *(.signature*)

.user_signatures
 *(.user_signatures*)

.stab
 *(.stab)

.stabstr
 *(.stabstr)

.stab.excl
 *(.stab.excl)

.stab.exclstr
 *(.stab.exclstr)

.stab.index
 *(.stab.index)

.stab.indexstr
 *(.stab.indexstr)

.comment        0x00000000       0x11
 *(.comment)
 .comment       0x00000000       0x11 main.o
                                 0x12 (size before relaxing)
 .comment       0x00000011       0x12 MDIO_program.o
 .comment       0x00000011       0x12 MEXTI_program.o
 .comment       0x00000011       0x12 MADC_program.o
 .comment       0x00000011       0x12 MTIMER_program.o
 .comment       0x00000011       0x12 MUART_program.o
 .comment       0x00000011       0x12 MSPI_program.o
 .comment       0x00000011       0x12 MTWI_program.o
 .comment       0x00000011       0x12 HLED_program.o
 .comment       0x00000011       0x12 HPBUTT_program.o
 .comment       0x00000011       0x12 HSEV_SEG_program.o
 .comment       0x00000011       0x12 HLCD_program.o
 .comment       0x00000011       0x12 HKPD_program.o
 .comment       0x00000011       0x12 HEEP_program.o
 .comment       0x00000011       0x12 STTS_program.o
 .comment       0x00000011       0x12 croutine.o
 .comment       0x00000011       0x12 event_groups.o
 .comment       0x00000011       0x12 heap_1.o
 .comment       0x00000011       0x12 list.o
 .comment       0x00000011       0x12 queue.o
 .comment       0x00000011       0x12 stream_buffer.o
 .comment       0x00000011       0x12 tasks.o
 .comment       0x00000011       0x12 timers.o
 .comment       0x00000011       0x12 port.o

.note.gnu.avr.deviceinfo
                0x00000000       0x3c
 .note.gnu.avr.deviceinfo
                0x00000000       0x3c c:/users/aelnaqee/documents/projects/toolchains/avr/bin/../lib/gcc/avr/7.3.0/../../../../avr/lib/avr5/crtatmega32.o

.note.gnu.build-id
 *(.note.gnu.build-id)

.debug
 *(.debug)

.line
 *(.line)

.debug_srcinfo
 *(.debug_srcinfo)

.debug_sfnames
 *(.debug_sfnames)

.debug_aranges  0x00000000       0xa0
 *(.debug_aranges)
 .debug_aranges
                0x00000000       0x20 c:/users/aelnaqee/documents/projects/toolchains/avr/bin/../lib/gcc/avr/7.3.0/avr5\libgcc.a(_udivmodsi4.o)
 .debug_aranges
                0x00000020       0x20 c:/users/aelnaqee/documents/projects/toolchains/avr/bin/../lib/gcc/avr/7.3.0/avr5\libgcc.a(_exit.o)
 .debug_aranges
                0x00000040       0x20 c:/users/aelnaqee/documents/projects/toolchains/avr/bin/../lib/gcc/avr/7.3.0/avr5\libgcc.a(_copy_data.o)
 .debug_aranges
                0x00000060       0x20 c:/users/aelnaqee/documents/projects/toolchains/avr/bin/../lib/gcc/avr/7.3.0/avr5\libgcc.a(_clear_bss.o)
 .debug_aranges
                0x00000080       0x20 c:/users/aelnaqee/documents/projects/toolchains/avr/bin/../lib/gcc/avr/7.3.0/avr5\libgcc.a(_umulhisi3.o)

.debug_pubnames
 *(.debug_pubnames)

.debug_info     0x00000000      0x88d
 *(.debug_info .gnu.linkonce.wi.*)
 .debug_info    0x00000000      0x4e6 c:/users/aelnaqee/documents/projects/toolchains/avr/bin/../lib/gcc/avr/7.3.0/../../../../avr/lib/avr5/crtatmega32.o
 .debug_info    0x000004e6       0xbb c:/users/aelnaqee/documents/projects/toolchains/avr/bin/../lib/gcc/avr/7.3.0/avr5\libgcc.a(_udivmodsi4.o)
 .debug_info    0x000005a1       0xbb c:/users/aelnaqee/documents/projects/toolchains/avr/bin/../lib/gcc/avr/7.3.0/avr5\libgcc.a(_exit.o)
 .debug_info    0x0000065c       0xbb c:/users/aelnaqee/documents/projects/toolchains/avr/bin/../lib/gcc/avr/7.3.0/avr5\libgcc.a(_copy_data.o)
 .debug_info    0x00000717       0xbb c:/users/aelnaqee/documents/projects/toolchains/avr/bin/../lib/gcc/avr/7.3.0/avr5\libgcc.a(_clear_bss.o)
 .debug_info    0x000007d2       0xbb c:/users/aelnaqee/documents/projects/toolchains/avr/bin/../lib/gcc/avr/7.3.0/avr5\libgcc.a(_umulhisi3.o)

.debug_abbrev   0x00000000      0x507
 *(.debug_abbrev)
 .debug_abbrev  0x00000000      0x4a3 c:/users/aelnaqee/documents/projects/toolchains/avr/bin/../lib/gcc/avr/7.3.0/../../../../avr/lib/avr5/crtatmega32.o
 .debug_abbrev  0x000004a3       0x14 c:/users/aelnaqee/documents/projects/toolchains/avr/bin/../lib/gcc/avr/7.3.0/avr5\libgcc.a(_udivmodsi4.o)
 .debug_abbrev  0x000004b7       0x14 c:/users/aelnaqee/documents/projects/toolchains/avr/bin/../lib/gcc/avr/7.3.0/avr5\libgcc.a(_exit.o)
 .debug_abbrev  0x000004cb       0x14 c:/users/aelnaqee/documents/projects/toolchains/avr/bin/../lib/gcc/avr/7.3.0/avr5\libgcc.a(_copy_data.o)
 .debug_abbrev  0x000004df       0x14 c:/users/aelnaqee/documents/projects/toolchains/avr/bin/../lib/gcc/avr/7.3.0/avr5\libgcc.a(_clear_bss.o)
 .debug_abbrev  0x000004f3       0x14 c:/users/aelnaqee/documents/projects/toolchains/avr/bin/../lib/gcc/avr/7.3.0/avr5\libgcc.a(_umulhisi3.o)

.debug_line     0x00000000      0x36c
 *(.debug_line .debug_line.* .debug_line_end)
 .debug_line    0x00000000       0x1a c:/users/aelnaqee/documents/projects/toolchains/avr/bin/../lib/gcc/avr/7.3.0/../../../../avr/lib/avr5/crtatmega32.o
 .debug_line    0x0000001a      0x122 c:/users/aelnaqee/documents/projects/toolchains/avr/bin/../lib/gcc/avr/7.3.0/avr5\libgcc.a(_udivmodsi4.o)
 .debug_line    0x0000013c       0x62 c:/users/aelnaqee/documents/projects/toolchains/avr/bin/../lib/gcc/avr/7.3.0/avr5\libgcc.a(_exit.o)
 .debug_line    0x0000019e       0x98 c:/users/aelnaqee/documents/projects/toolchains/avr/bin/../lib/gcc/avr/7.3.0/avr5\libgcc.a(_copy_data.o)
 .debug_line    0x00000236       0x86 c:/users/aelnaqee/documents/projects/toolchains/avr/bin/../lib/gcc/avr/7.3.0/avr5\libgcc.a(_clear_bss.o)
 .debug_line    0x000002bc       0xb0 c:/users/aelnaqee/documents/projects/toolchains/avr/bin/../lib/gcc/avr/7.3.0/avr5\libgcc.a(_umulhisi3.o)

.debug_frame
 *(.debug_frame)

.debug_str      0x00000000      0x196
 *(.debug_str)
 .debug_str     0x00000000      0x196 c:/users/aelnaqee/documents/projects/toolchains/avr/bin/../lib/gcc/avr/7.3.0/../../../../avr/lib/avr5/crtatmega32.o

.debug_loc
 *(.debug_loc)

.debug_macinfo
 *(.debug_macinfo)

.debug_weaknames
 *(.debug_weaknames)

.debug_funcnames
 *(.debug_funcnames)

.debug_typenames
 *(.debug_typenames)

.debug_varnames
 *(.debug_varnames)

.debug_pubtypes
 *(.debug_pubtypes)

.debug_ranges
 *(.debug_ranges)

.debug_macro
 *(.debug_macro)
OUTPUT(main.elf elf32-avr)
LOAD linker stubs
